0 verbose cli /opt/homebrew/Cellar/node/23.5.0/bin/node /opt/homebrew/bin/npm
1 info using npm@10.9.2
2 info using node@v23.5.0
3 silly config load:file:/opt/homebrew/lib/node_modules/npm/npmrc
4 silly config load:file:/Users/scott/repos/guitar/apps/web/.npmrc
5 silly config load:file:/Users/scott/.npmrc
6 silly config load:file:/opt/homebrew/etc/npmrc
7 verbose title npm install @supabase/supabase-js @supabase/ssr
8 verbose argv "install" "@supabase/supabase-js" "@supabase/ssr"
9 verbose logfile logs-max:10 dir:/Users/scott/repos/guitar/.npm-cache/_logs/2026-01-01T22_02_47_597Z-
10 verbose logfile /Users/scott/repos/guitar/.npm-cache/_logs/2026-01-01T22_02_47_597Z-debug-0.log
11 silly logfile done cleaning log files
12 silly packumentCache heap:4345298944 maxSize:1086324736 maxEntrySize:543162368
13 silly idealTree buildDeps
14 silly fetch manifest @supabase/supabase-js@*
15 silly packumentCache full:https://registry.npmjs.org/@supabase%2fsupabase-js cache-miss
16 http fetch GET 200 https://registry.npmjs.org/@supabase%2fsupabase-js 173ms (cache miss)
17 silly packumentCache full:https://registry.npmjs.org/@supabase%2fsupabase-js set size:undefined disposed:false
18 silly fetch manifest @supabase/ssr@*
19 silly packumentCache full:https://registry.npmjs.org/@supabase%2fssr cache-miss
20 http fetch GET 200 https://registry.npmjs.org/@supabase%2fssr 70ms (cache miss)
21 silly packumentCache full:https://registry.npmjs.org/@supabase%2fssr set size:undefined disposed:false
22 silly placeDep ROOT @supabase/ssr@0.8.0 OK for: web@0.1.0 want: *
23 silly placeDep ROOT @supabase/supabase-js@2.89.0 OK for: @supabase/ssr@0.8.0 want: ^2.76.1
24 silly placeDep ROOT @supabase/supabase-js@2.89.0 REPLACE for: web@0.1.0 want: *
25 silly fetch manifest cookie@^1.0.2
26 silly packumentCache full:https://registry.npmjs.org/cookie cache-miss
27 silly fetch manifest @supabase/auth-js@2.89.0
28 silly packumentCache full:https://registry.npmjs.org/@supabase%2fauth-js cache-miss
29 silly fetch manifest @supabase/storage-js@2.89.0
30 silly packumentCache full:https://registry.npmjs.org/@supabase%2fstorage-js cache-miss
31 silly fetch manifest @supabase/realtime-js@2.89.0
32 silly packumentCache full:https://registry.npmjs.org/@supabase%2frealtime-js cache-miss
33 silly fetch manifest @supabase/functions-js@2.89.0
34 silly packumentCache full:https://registry.npmjs.org/@supabase%2ffunctions-js cache-miss
35 silly fetch manifest @supabase/postgrest-js@2.89.0
36 silly packumentCache full:https://registry.npmjs.org/@supabase%2fpostgrest-js cache-miss
37 silly fetch manifest @supabase/auth-js@2.89.0
38 silly packumentCache full:https://registry.npmjs.org/@supabase%2fauth-js cache-miss
39 silly fetch manifest @supabase/storage-js@2.89.0
40 silly packumentCache full:https://registry.npmjs.org/@supabase%2fstorage-js cache-miss
41 silly fetch manifest @supabase/realtime-js@2.89.0
42 silly packumentCache full:https://registry.npmjs.org/@supabase%2frealtime-js cache-miss
43 silly fetch manifest @supabase/functions-js@2.89.0
44 silly packumentCache full:https://registry.npmjs.org/@supabase%2ffunctions-js cache-miss
45 http fetch GET 200 https://registry.npmjs.org/cookie 44ms (cache miss)
46 silly packumentCache full:https://registry.npmjs.org/cookie set size:undefined disposed:false
47 silly fetch manifest @supabase/postgrest-js@2.89.0
48 silly packumentCache full:https://registry.npmjs.org/@supabase%2fpostgrest-js cache-miss
49 http fetch GET 200 https://registry.npmjs.org/@supabase%2fstorage-js 118ms (cache miss)
50 silly packumentCache full:https://registry.npmjs.org/@supabase%2fstorage-js set size:undefined disposed:false
51 http fetch GET 200 https://registry.npmjs.org/@supabase%2fauth-js 123ms (cache miss)
52 silly packumentCache full:https://registry.npmjs.org/@supabase%2fauth-js set size:undefined disposed:false
53 http fetch GET 200 https://registry.npmjs.org/@supabase%2fauth-js 128ms (cache miss)
54 silly packumentCache full:https://registry.npmjs.org/@supabase%2fauth-js set size:undefined disposed:false
55 http fetch GET 200 https://registry.npmjs.org/@supabase%2fstorage-js 134ms (cache miss)
56 silly packumentCache full:https://registry.npmjs.org/@supabase%2fstorage-js set size:undefined disposed:false
57 http fetch GET 200 https://registry.npmjs.org/@supabase%2frealtime-js 141ms (cache miss)
58 silly packumentCache full:https://registry.npmjs.org/@supabase%2frealtime-js set size:undefined disposed:false
59 http fetch GET 200 https://registry.npmjs.org/@supabase%2fpostgrest-js 146ms (cache miss)
60 silly packumentCache full:https://registry.npmjs.org/@supabase%2fpostgrest-js set size:undefined disposed:false
61 http fetch GET 200 https://registry.npmjs.org/@supabase%2fpostgrest-js 105ms (cache miss)
62 silly packumentCache full:https://registry.npmjs.org/@supabase%2fpostgrest-js set size:undefined disposed:false
63 http fetch GET 200 https://registry.npmjs.org/@supabase%2frealtime-js 154ms (cache miss)
64 silly packumentCache full:https://registry.npmjs.org/@supabase%2frealtime-js set size:undefined disposed:false
65 http fetch GET 200 https://registry.npmjs.org/@supabase%2ffunctions-js 156ms (cache miss)
66 silly packumentCache full:https://registry.npmjs.org/@supabase%2ffunctions-js set size:undefined disposed:false
67 http fetch GET 200 https://registry.npmjs.org/@supabase%2ffunctions-js 187ms (cache miss)
68 silly packumentCache full:https://registry.npmjs.org/@supabase%2ffunctions-js set size:undefined disposed:false
69 silly placeDep ROOT cookie@1.1.1 OK for: @supabase/ssr@0.8.0 want: ^1.0.2
70 silly placeDep ROOT @supabase/auth-js@2.89.0 OK for: @supabase/supabase-js@2.89.0 want: 2.89.0
71 silly placeDep ROOT @supabase/functions-js@2.89.0 OK for: @supabase/supabase-js@2.89.0 want: 2.89.0
72 silly placeDep ROOT @supabase/postgrest-js@2.89.0 OK for: @supabase/supabase-js@2.89.0 want: 2.89.0
73 silly placeDep ROOT @supabase/realtime-js@2.89.0 OK for: @supabase/supabase-js@2.89.0 want: 2.89.0
74 silly placeDep ROOT @supabase/storage-js@2.89.0 OK for: @supabase/supabase-js@2.89.0 want: 2.89.0
75 silly fetch manifest ws@^8.18.2
76 silly packumentCache full:https://registry.npmjs.org/ws cache-miss
77 silly fetch manifest @types/ws@^8.18.1
78 silly packumentCache full:https://registry.npmjs.org/@types%2fws cache-miss
79 silly fetch manifest @types/phoenix@^1.6.6
80 silly packumentCache full:https://registry.npmjs.org/@types%2fphoenix cache-miss
81 silly fetch manifest iceberg-js@^0.8.1
82 silly packumentCache full:https://registry.npmjs.org/iceberg-js cache-miss
83 http fetch GET 200 https://registry.npmjs.org/iceberg-js 64ms (cache miss)
84 silly packumentCache full:https://registry.npmjs.org/iceberg-js set size:undefined disposed:false
85 http fetch GET 200 https://registry.npmjs.org/ws 67ms (cache miss)
86 silly packumentCache full:https://registry.npmjs.org/ws set size:undefined disposed:false
87 http fetch GET 200 https://registry.npmjs.org/@types%2fphoenix 74ms (cache miss)
88 silly packumentCache full:https://registry.npmjs.org/@types%2fphoenix set size:undefined disposed:false
89 http fetch GET 200 https://registry.npmjs.org/@types%2fws 101ms (cache miss)
90 silly packumentCache full:https://registry.npmjs.org/@types%2fws set size:undefined disposed:false
91 silly fetch manifest bufferutil@^4.0.1
92 silly packumentCache full:https://registry.npmjs.org/bufferutil cache-miss
93 http fetch GET 200 https://registry.npmjs.org/bufferutil 46ms (cache miss)
94 silly packumentCache full:https://registry.npmjs.org/bufferutil set size:undefined disposed:false
95 silly fetch manifest utf-8-validate@>=5.0.2
96 silly packumentCache full:https://registry.npmjs.org/utf-8-validate cache-miss
97 http fetch GET 200 https://registry.npmjs.org/utf-8-validate 48ms (cache miss)
98 silly packumentCache full:https://registry.npmjs.org/utf-8-validate set size:undefined disposed:false
99 silly placeDep ROOT @types/phoenix@1.6.7 OK for: @supabase/realtime-js@2.89.0 want: ^1.6.6
100 silly placeDep ROOT @types/ws@8.18.1 OK for: @supabase/realtime-js@2.89.0 want: ^8.18.1
101 silly placeDep ROOT ws@8.18.3 OK for: @supabase/realtime-js@2.89.0 want: ^8.18.2
102 silly placeDep ROOT iceberg-js@0.8.1 OK for: @supabase/storage-js@2.89.0 want: ^0.8.1
103 silly reify moves {}
104 verbose reify failed optional dependency /Users/scott/repos/guitar/apps/web/node_modules/@tailwindcss/oxide-wasm32-wasi
105 silly reify mark deleted [
105 silly reify   '/Users/scott/repos/guitar/apps/web/node_modules/@tailwindcss/oxide-wasm32-wasi'
105 silly reify ]
106 silly audit bulk request {
106 silly audit   '@alloc/quick-lru': [ '5.2.0' ],
106 silly audit   '@babel/code-frame': [ '7.27.1' ],
106 silly audit   '@babel/compat-data': [ '7.28.5' ],
106 silly audit   '@babel/core': [ '7.28.5' ],
106 silly audit   '@babel/generator': [ '7.28.5' ],
106 silly audit   '@babel/helper-compilation-targets': [ '7.27.2' ],
106 silly audit   '@babel/helper-globals': [ '7.28.0' ],
106 silly audit   '@babel/helper-module-imports': [ '7.27.1' ],
106 silly audit   '@babel/helper-module-transforms': [ '7.28.3' ],
106 silly audit   '@babel/helper-string-parser': [ '7.27.1' ],
106 silly audit   '@babel/helper-validator-identifier': [ '7.28.5' ],
106 silly audit   '@babel/helper-validator-option': [ '7.27.1' ],
106 silly audit   '@babel/helpers': [ '7.28.4' ],
106 silly audit   '@babel/parser': [ '7.28.5' ],
106 silly audit   '@babel/template': [ '7.27.2' ],
106 silly audit   '@babel/traverse': [ '7.28.5' ],
106 silly audit   '@babel/types': [ '7.28.5' ],
106 silly audit   '@emnapi/core': [ '1.7.1' ],
106 silly audit   '@emnapi/runtime': [ '1.7.1' ],
106 silly audit   '@emnapi/wasi-threads': [ '1.1.0' ],
106 silly audit   '@eslint-community/eslint-utils': [ '4.9.1' ],
106 silly audit   'eslint-visitor-keys': [ '3.4.3', '4.2.1' ],
106 silly audit   '@eslint-community/regexpp': [ '4.12.2' ],
106 silly audit   '@eslint/config-array': [ '0.21.1' ],
106 silly audit   '@eslint/config-helpers': [ '0.4.2' ],
106 silly audit   '@eslint/core': [ '0.17.0' ],
106 silly audit   '@eslint/eslintrc': [ '3.3.3' ],
106 silly audit   '@eslint/js': [ '9.39.2' ],
106 silly audit   '@eslint/object-schema': [ '2.1.7' ],
106 silly audit   '@eslint/plugin-kit': [ '0.4.1' ],
106 silly audit   '@humanfs/core': [ '0.19.1' ],
106 silly audit   '@humanfs/node': [ '0.16.7' ],
106 silly audit   '@humanwhocodes/module-importer': [ '1.0.1' ],
106 silly audit   '@humanwhocodes/retry': [ '0.4.3' ],
106 silly audit   '@img/colour': [ '1.0.0' ],
106 silly audit   '@img/sharp-darwin-arm64': [ '0.34.5' ],
106 silly audit   '@img/sharp-darwin-x64': [ '0.34.5' ],
106 silly audit   '@img/sharp-libvips-darwin-arm64': [ '1.2.4' ],
106 silly audit   '@img/sharp-libvips-darwin-x64': [ '1.2.4' ],
106 silly audit   '@img/sharp-libvips-linux-arm': [ '1.2.4' ],
106 silly audit   '@img/sharp-libvips-linux-arm64': [ '1.2.4' ],
106 silly audit   '@img/sharp-libvips-linux-ppc64': [ '1.2.4' ],
106 silly audit   '@img/sharp-libvips-linux-riscv64': [ '1.2.4' ],
106 silly audit   '@img/sharp-libvips-linux-s390x': [ '1.2.4' ],
106 silly audit   '@img/sharp-libvips-linux-x64': [ '1.2.4' ],
106 silly audit   '@img/sharp-libvips-linuxmusl-arm64': [ '1.2.4' ],
106 silly audit   '@img/sharp-libvips-linuxmusl-x64': [ '1.2.4' ],
106 silly audit   '@img/sharp-linux-arm': [ '0.34.5' ],
106 silly audit   '@img/sharp-linux-arm64': [ '0.34.5' ],
106 silly audit   '@img/sharp-linux-ppc64': [ '0.34.5' ],
106 silly audit   '@img/sharp-linux-riscv64': [ '0.34.5' ],
106 silly audit   '@img/sharp-linux-s390x': [ '0.34.5' ],
106 silly audit   '@img/sharp-linux-x64': [ '0.34.5' ],
106 silly audit   '@img/sharp-linuxmusl-arm64': [ '0.34.5' ],
106 silly audit   '@img/sharp-linuxmusl-x64': [ '0.34.5' ],
106 silly audit   '@img/sharp-wasm32': [ '0.34.5' ],
106 silly audit   '@img/sharp-win32-arm64': [ '0.34.5' ],
106 silly audit   '@img/sharp-win32-ia32': [ '0.34.5' ],
106 silly audit   '@img/sharp-win32-x64': [ '0.34.5' ],
106 silly audit   '@jridgewell/gen-mapping': [ '0.3.13' ],
106 silly audit   '@jridgewell/remapping': [ '2.3.5' ],
106 silly audit   '@jridgewell/resolve-uri': [ '3.1.2' ],
106 silly audit   '@jridgewell/sourcemap-codec': [ '1.5.5' ],
106 silly audit   '@jridgewell/trace-mapping': [ '0.3.31' ],
106 silly audit   '@napi-rs/wasm-runtime': [ '0.2.12' ],
106 silly audit   '@next/env': [ '16.1.1' ],
106 silly audit   '@next/eslint-plugin-next': [ '16.1.1' ],
106 silly audit   '@next/swc-darwin-arm64': [ '16.1.1' ],
106 silly audit   '@next/swc-darwin-x64': [ '16.1.1' ],
106 silly audit   '@next/swc-linux-arm64-gnu': [ '16.1.1' ],
106 silly audit   '@next/swc-linux-arm64-musl': [ '16.1.1' ],
106 silly audit   '@next/swc-linux-x64-gnu': [ '16.1.1' ],
106 silly audit   '@next/swc-linux-x64-musl': [ '16.1.1' ],
106 silly audit   '@next/swc-win32-arm64-msvc': [ '16.1.1' ],
106 silly audit   '@next/swc-win32-x64-msvc': [ '16.1.1' ],
106 silly audit   '@nodelib/fs.scandir': [ '2.1.5' ],
106 silly audit   '@nodelib/fs.stat': [ '2.0.5' ],
106 silly audit   '@nodelib/fs.walk': [ '1.2.8' ],
106 silly audit   '@nolyfill/is-core-module': [ '1.0.39' ],
106 silly audit   '@rtsao/scc': [ '1.1.0' ],
106 silly audit   '@swc/helpers': [ '0.5.15' ],
106 silly audit   '@tailwindcss/node': [ '4.1.18' ],
106 silly audit   '@tailwindcss/oxide': [ '4.1.18' ],
106 silly audit   '@tailwindcss/oxide-android-arm64': [ '4.1.18' ],
106 silly audit   '@tailwindcss/oxide-darwin-arm64': [ '4.1.18' ],
106 silly audit   '@tailwindcss/oxide-darwin-x64': [ '4.1.18' ],
106 silly audit   '@tailwindcss/oxide-freebsd-x64': [ '4.1.18' ],
106 silly audit   '@tailwindcss/oxide-linux-arm-gnueabihf': [ '4.1.18' ],
106 silly audit   '@tailwindcss/oxide-linux-arm64-gnu': [ '4.1.18' ],
106 silly audit   '@tailwindcss/oxide-linux-arm64-musl': [ '4.1.18' ],
106 silly audit   '@tailwindcss/oxide-linux-x64-gnu': [ '4.1.18' ],
106 silly audit   '@tailwindcss/oxide-linux-x64-musl': [ '4.1.18' ],
106 silly audit   '@tailwindcss/oxide-win32-arm64-msvc': [ '4.1.18' ],
106 silly audit   '@tailwindcss/oxide-win32-x64-msvc': [ '4.1.18' ],
106 silly audit   '@tailwindcss/postcss': [ '4.1.18' ],
106 silly audit   '@tybys/wasm-util': [ '0.10.1' ],
106 silly audit   '@types/estree': [ '1.0.8' ],
106 silly audit   '@types/json-schema': [ '7.0.15' ],
106 silly audit   '@types/json5': [ '0.0.29' ],
106 silly audit   '@types/node': [ '20.19.27' ],
106 silly audit   '@types/react': [ '19.2.7' ],
106 silly audit   '@types/react-dom': [ '19.2.3' ],
106 silly audit   '@typescript-eslint/eslint-plugin': [ '8.51.0' ],
106 silly audit   ignore: [ '7.0.5', '5.3.2' ],
106 silly audit   '@typescript-eslint/parser': [ '8.51.0' ],
106 silly audit   '@typescript-eslint/project-service': [ '8.51.0' ],
106 silly audit   '@typescript-eslint/scope-manager': [ '8.51.0' ],
106 silly audit   '@typescript-eslint/tsconfig-utils': [ '8.51.0' ],
106 silly audit   '@typescript-eslint/type-utils': [ '8.51.0' ],
106 silly audit   '@typescript-eslint/types': [ '8.51.0' ],
106 silly audit   '@typescript-eslint/typescript-estree': [ '8.51.0' ],
106 silly audit   'brace-expansion': [ '2.0.2', '1.1.12' ],
106 silly audit   minimatch: [ '9.0.5', '3.1.2' ],
106 silly audit   semver: [ '7.7.3', '6.3.1' ],
106 silly audit   '@typescript-eslint/utils': [ '8.51.0' ],
106 silly audit   '@typescript-eslint/visitor-keys': [ '8.51.0' ],
106 silly audit   '@unrs/resolver-binding-android-arm-eabi': [ '1.11.1' ],
106 silly audit   '@unrs/resolver-binding-android-arm64': [ '1.11.1' ],
106 silly audit   '@unrs/resolver-binding-darwin-arm64': [ '1.11.1' ],
106 silly audit   '@unrs/resolver-binding-darwin-x64': [ '1.11.1' ],
106 silly audit   '@unrs/resolver-binding-freebsd-x64': [ '1.11.1' ],
106 silly audit   '@unrs/resolver-binding-linux-arm-gnueabihf': [ '1.11.1' ],
106 silly audit   '@unrs/resolver-binding-linux-arm-musleabihf': [ '1.11.1' ],
106 silly audit   '@unrs/resolver-binding-linux-arm64-gnu': [ '1.11.1' ],
106 silly audit   '@unrs/resolver-binding-linux-arm64-musl': [ '1.11.1' ],
106 silly audit   '@unrs/resolver-binding-linux-ppc64-gnu': [ '1.11.1' ],
106 silly audit   '@unrs/resolver-binding-linux-riscv64-gnu': [ '1.11.1' ],
106 silly audit   '@unrs/resolver-binding-linux-riscv64-musl': [ '1.11.1' ],
106 silly audit   '@unrs/resolver-binding-linux-s390x-gnu': [ '1.11.1' ],
106 silly audit   '@unrs/resolver-binding-linux-x64-gnu': [ '1.11.1' ],
106 silly audit   '@unrs/resolver-binding-linux-x64-musl': [ '1.11.1' ],
106 silly audit   '@unrs/resolver-binding-wasm32-wasi': [ '1.11.1' ],
106 silly audit   '@unrs/resolver-binding-win32-arm64-msvc': [ '1.11.1' ],
106 silly audit   '@unrs/resolver-binding-win32-ia32-msvc': [ '1.11.1' ],
106 silly audit   '@unrs/resolver-binding-win32-x64-msvc': [ '1.11.1' ],
106 silly audit   acorn: [ '8.15.0' ],
106 silly audit   'acorn-jsx': [ '5.3.2' ],
106 silly audit   ajv: [ '6.12.6' ],
106 silly audit   'ansi-styles': [ '4.3.0' ],
106 silly audit   argparse: [ '2.0.1' ],
106 silly audit   'aria-query': [ '5.3.2' ],
106 silly audit   'array-buffer-byte-length': [ '1.0.2' ],
106 silly audit   'array-includes': [ '3.1.9' ],
106 silly audit   'array.prototype.findlast': [ '1.2.5' ],
106 silly audit   'array.prototype.findlastindex': [ '1.2.6' ],
106 silly audit   'array.prototype.flat': [ '1.3.3' ],
106 silly audit   'array.prototype.flatmap': [ '1.3.3' ],
106 silly audit   'array.prototype.tosorted': [ '1.1.4' ],
106 silly audit   'arraybuffer.prototype.slice': [ '1.0.4' ],
106 silly audit   'ast-types-flow': [ '0.0.8' ],
106 silly audit   'async-function': [ '1.0.0' ],
106 silly audit   'available-typed-arrays': [ '1.0.7' ],
106 silly audit   'axe-core': [ '4.11.0' ],
106 silly audit   'axobject-query': [ '4.1.0' ],
106 silly audit   'balanced-match': [ '1.0.2' ],
106 silly audit   'baseline-browser-mapping': [ '2.9.11' ],
106 silly audit   braces: [ '3.0.3' ],
106 silly audit   browserslist: [ '4.28.1' ],
106 silly audit   'call-bind': [ '1.0.8' ],
106 silly audit   'call-bind-apply-helpers': [ '1.0.2' ],
106 silly audit   'call-bound': [ '1.0.4' ],
106 silly audit   callsites: [ '3.1.0' ],
106 silly audit   'caniuse-lite': [ '1.0.30001762' ],
106 silly audit   chalk: [ '4.1.2' ],
106 silly audit   'client-only': [ '0.0.1' ],
106 silly audit   'color-convert': [ '2.0.1' ],
106 silly audit   'color-name': [ '1.1.4' ],
106 silly audit   'concat-map': [ '0.0.1' ],
106 silly audit   'convert-source-map': [ '2.0.0' ],
106 silly audit   'cross-spawn': [ '7.0.6' ],
106 silly audit   csstype: [ '3.2.3' ],
106 silly audit   'damerau-levenshtein': [ '1.0.8' ],
106 silly audit   'data-view-buffer': [ '1.0.2' ],
106 silly audit   'data-view-byte-length': [ '1.0.2' ],
106 silly audit   'data-view-byte-offset': [ '1.0.1' ],
106 silly audit   debug: [ '4.4.3', '3.2.7' ],
106 silly audit   'deep-is': [ '0.1.4' ],
106 silly audit   'define-data-property': [ '1.1.4' ],
106 silly audit   'define-properties': [ '1.2.1' ],
106 silly audit   'detect-libc': [ '2.1.2' ],
106 silly audit   doctrine: [ '2.1.0' ],
106 silly audit   'dunder-proto': [ '1.0.1' ],
106 silly audit   'electron-to-chromium': [ '1.5.267' ],
106 silly audit   'emoji-regex': [ '9.2.2' ],
106 silly audit   'enhanced-resolve': [ '5.18.4' ],
106 silly audit   'es-abstract': [ '1.24.1' ],
106 silly audit   'es-define-property': [ '1.0.1' ],
106 silly audit   'es-errors': [ '1.3.0' ],
106 silly audit   'es-iterator-helpers': [ '1.2.2' ],
106 silly audit   'es-object-atoms': [ '1.1.1' ],
106 silly audit   'es-set-tostringtag': [ '2.1.0' ],
106 silly audit   'es-shim-unscopables': [ '1.1.0' ],
106 silly audit   'es-to-primitive': [ '1.3.0' ],
106 silly audit   escalade: [ '3.2.0' ],
106 silly audit   'escape-string-regexp': [ '4.0.0' ],
106 silly audit   eslint: [ '9.39.2' ],
106 silly audit   'eslint-config-next': [ '16.1.1' ],
106 silly audit   globals: [ '16.4.0', '14.0.0' ],
106 silly audit   'eslint-import-resolver-node': [ '0.3.9' ],
106 silly audit   'eslint-import-resolver-typescript': [ '3.10.1' ],
106 silly audit   'eslint-module-utils': [ '2.12.1' ],
106 silly audit   'eslint-plugin-import': [ '2.32.0' ],
106 silly audit   'eslint-plugin-jsx-a11y': [ '6.10.2' ],
106 silly audit   'eslint-plugin-react': [ '7.37.5' ],
106 silly audit   'eslint-plugin-react-hooks': [ '7.0.1' ],
106 silly audit   resolve: [ '2.0.0-next.5', '1.22.11' ],
106 silly audit   'eslint-scope': [ '8.4.0' ],
106 silly audit   espree: [ '10.4.0' ],
106 silly audit   esquery: [ '1.7.0' ],
106 silly audit   esrecurse: [ '4.3.0' ],
106 silly audit   estraverse: [ '5.3.0' ],
106 silly audit   esutils: [ '2.0.3' ],
106 silly audit   'fast-deep-equal': [ '3.1.3' ],
106 silly audit   'fast-glob': [ '3.3.1' ],
106 silly audit   'glob-parent': [ '5.1.2', '6.0.2' ],
106 silly audit   'fast-json-stable-stringify': [ '2.1.0' ],
106 silly audit   'fast-levenshtein': [ '2.0.6' ],
106 silly audit   fastq: [ '1.20.1' ],
106 silly audit   'file-entry-cache': [ '8.0.0' ],
106 silly audit   'fill-range': [ '7.1.1' ],
106 silly audit   'find-up': [ '5.0.0' ],
106 silly audit   'flat-cache': [ '4.0.1' ],
106 silly audit   flatted: [ '3.3.3' ],
106 silly audit   'for-each': [ '0.3.5' ],
106 silly audit   'function-bind': [ '1.1.2' ],
106 silly audit   'function.prototype.name': [ '1.1.8' ],
106 silly audit   'functions-have-names': [ '1.2.3' ],
106 silly audit   'generator-function': [ '2.0.1' ],
106 silly audit   gensync: [ '1.0.0-beta.2' ],
106 silly audit   'get-intrinsic': [ '1.3.0' ],
106 silly audit   'get-proto': [ '1.0.1' ],
106 silly audit   'get-symbol-description': [ '1.1.0' ],
106 silly audit   'get-tsconfig': [ '4.13.0' ],
106 silly audit   globalthis: [ '1.0.4' ],
106 silly audit   gopd: [ '1.2.0' ],
106 silly audit   'graceful-fs': [ '4.2.11' ],
106 silly audit   'has-bigints': [ '1.1.0' ],
106 silly audit   'has-flag': [ '4.0.0' ],
106 silly audit   'has-property-descriptors': [ '1.0.2' ],
106 silly audit   'has-proto': [ '1.2.0' ],
106 silly audit   'has-symbols': [ '1.1.0' ],
106 silly audit   'has-tostringtag': [ '1.0.2' ],
106 silly audit   hasown: [ '2.0.2' ],
106 silly audit   'hermes-estree': [ '0.25.1' ],
106 silly audit   'hermes-parser': [ '0.25.1' ],
106 silly audit   'import-fresh': [ '3.3.1' ],
106 silly audit   imurmurhash: [ '0.1.4' ],
106 silly audit   'internal-slot': [ '1.1.0' ],
106 silly audit   'is-array-buffer': [ '3.0.5' ],
106 silly audit   'is-async-function': [ '2.1.1' ],
106 silly audit   'is-bigint': [ '1.1.0' ],
106 silly audit   'is-boolean-object': [ '1.2.2' ],
106 silly audit   'is-bun-module': [ '2.0.0' ],
106 silly audit   'is-callable': [ '1.2.7' ],
106 silly audit   'is-core-module': [ '2.16.1' ],
106 silly audit   'is-data-view': [ '1.0.2' ],
106 silly audit   'is-date-object': [ '1.1.0' ],
106 silly audit   'is-extglob': [ '2.1.1' ],
106 silly audit   'is-finalizationregistry': [ '1.1.1' ],
106 silly audit   'is-generator-function': [ '1.1.2' ],
106 silly audit   'is-glob': [ '4.0.3' ],
106 silly audit   'is-map': [ '2.0.3' ],
106 silly audit   'is-negative-zero': [ '2.0.3' ],
106 silly audit   'is-number': [ '7.0.0' ],
106 silly audit   'is-number-object': [ '1.1.1' ],
106 silly audit   'is-regex': [ '1.2.1' ],
106 silly audit   'is-set': [ '2.0.3' ],
106 silly audit   'is-shared-array-buffer': [ '1.0.4' ],
106 silly audit   'is-string': [ '1.1.1' ],
106 silly audit   'is-symbol': [ '1.1.1' ],
106 silly audit   'is-typed-array': [ '1.1.15' ],
106 silly audit   'is-weakmap': [ '2.0.2' ],
106 silly audit   'is-weakref': [ '1.1.1' ],
106 silly audit   'is-weakset': [ '2.0.4' ],
106 silly audit   isarray: [ '2.0.5' ],
106 silly audit   isexe: [ '2.0.0' ],
106 silly audit   'iterator.prototype': [ '1.1.5' ],
106 silly audit   jiti: [ '2.6.1' ],
106 silly audit   'js-tokens': [ '4.0.0' ],
106 silly audit   'js-yaml': [ '4.1.1' ],
106 silly audit   jsesc: [ '3.1.0' ],
106 silly audit   'json-buffer': [ '3.0.1' ],
106 silly audit   'json-schema-traverse': [ '0.4.1' ],
106 silly audit   'json-stable-stringify-without-jsonify': [ '1.0.1' ],
106 silly audit   json5: [ '2.2.3', '1.0.2' ],
106 silly audit   'jsx-ast-utils': [ '3.3.5' ],
106 silly audit   keyv: [ '4.5.4' ],
106 silly audit   'language-subtag-registry': [ '0.3.23' ],
106 silly audit   'language-tags': [ '1.0.9' ],
106 silly audit   levn: [ '0.4.1' ],
106 silly audit   lightningcss: [ '1.30.2' ],
106 silly audit   'lightningcss-android-arm64': [ '1.30.2' ],
106 silly audit   'lightningcss-darwin-arm64': [ '1.30.2' ],
106 silly audit   'lightningcss-darwin-x64': [ '1.30.2' ],
106 silly audit   'lightningcss-freebsd-x64': [ '1.30.2' ],
106 silly audit   'lightningcss-linux-arm-gnueabihf': [ '1.30.2' ],
106 silly audit   'lightningcss-linux-arm64-gnu': [ '1.30.2' ],
106 silly audit   'lightningcss-linux-arm64-musl': [ '1.30.2' ],
106 silly audit   'lightningcss-linux-x64-gnu': [ '1.30.2' ],
106 silly audit   'lightningcss-linux-x64-musl': [ '1.30.2' ],
106 silly audit   'lightningcss-win32-arm64-msvc': [ '1.30.2' ],
106 silly audit   'lightningcss-win32-x64-msvc': [ '1.30.2' ],
106 silly audit   'locate-path': [ '6.0.0' ],
106 silly audit   'lodash.merge': [ '4.6.2' ],
106 silly audit   'loose-envify': [ '1.4.0' ],
106 silly audit   'lru-cache': [ '5.1.1' ],
106 silly audit   'magic-string': [ '0.30.21' ],
106 silly audit   'math-intrinsics': [ '1.1.0' ],
106 silly audit   merge2: [ '1.4.1' ],
106 silly audit   micromatch: [ '4.0.8' ],
106 silly audit   minimist: [ '1.2.8' ],
106 silly audit   ms: [ '2.1.3' ],
106 silly audit   nanoid: [ '3.3.11' ],
106 silly audit   'napi-postinstall': [ '0.3.4' ],
106 silly audit   'natural-compare': [ '1.4.0' ],
106 silly audit   next: [ '16.1.1' ],
106 silly audit   postcss: [ '8.4.31', '8.5.6' ],
106 silly audit   'node-releases': [ '2.0.27' ],
106 silly audit   'object-assign': [ '4.1.1' ],
106 silly audit   'object-inspect': [ '1.13.4' ],
106 silly audit   'object-keys': [ '1.1.1' ],
106 silly audit   'object.assign': [ '4.1.7' ],
106 silly audit   'object.entries': [ '1.1.9' ],
106 silly audit   'object.fromentries': [ '2.0.8' ],
106 silly audit   'object.groupby': [ '1.0.3' ],
106 silly audit   'object.values': [ '1.2.1' ],
106 silly audit   optionator: [ '0.9.4' ],
106 silly audit   'own-keys': [ '1.0.1' ],
106 silly audit   'p-limit': [ '3.1.0' ],
106 silly audit   'p-locate': [ '5.0.0' ],
106 silly audit   'parent-module': [ '1.0.1' ],
106 silly audit   'path-exists': [ '4.0.0' ],
106 silly audit   'path-key': [ '3.1.1' ],
106 silly audit   'path-parse': [ '1.0.7' ],
106 silly audit   picocolors: [ '1.1.1' ],
106 silly audit   picomatch: [ '2.3.1', '4.0.3' ],
106 silly audit   'possible-typed-array-names': [ '1.1.0' ],
106 silly audit   'prelude-ls': [ '1.2.1' ],
106 silly audit   'prop-types': [ '15.8.1' ],
106 silly audit   punycode: [ '2.3.1' ],
106 silly audit   'queue-microtask': [ '1.2.3' ],
106 silly audit   react: [ '19.2.3' ],
106 silly audit   'react-dom': [ '19.2.3' ],
106 silly audit   'react-is': [ '16.13.1' ],
106 silly audit   'reflect.getprototypeof': [ '1.0.10' ],
106 silly audit   'regexp.prototype.flags': [ '1.5.4' ],
106 silly audit   'resolve-from': [ '4.0.0' ],
106 silly audit   'resolve-pkg-maps': [ '1.0.0' ],
106 silly audit   reusify: [ '1.1.0' ],
106 silly audit   'run-parallel': [ '1.2.0' ],
106 silly audit   'safe-array-concat': [ '1.1.3' ],
106 silly audit   'safe-push-apply': [ '1.0.0' ],
106 silly audit   'safe-regex-test': [ '1.1.0' ],
106 silly audit   scheduler: [ '0.27.0' ],
106 silly audit   'set-function-length': [ '1.2.2' ],
106 silly audit   'set-function-name': [ '2.0.2' ],
106 silly audit   'set-proto': [ '1.0.0' ],
106 silly audit   sharp: [ '0.34.5' ],
106 silly audit   'shebang-command': [ '2.0.0' ],
106 silly audit   'shebang-regex': [ '3.0.0' ],
106 silly audit   'side-channel': [ '1.1.0' ],
106 silly audit   'side-channel-list': [ '1.0.0' ],
106 silly audit   'side-channel-map': [ '1.0.1' ],
106 silly audit   'side-channel-weakmap': [ '1.0.2' ],
106 silly audit   'source-map-js': [ '1.2.1' ],
106 silly audit   'stable-hash': [ '0.0.5' ],
106 silly audit   'stop-iteration-iterator': [ '1.1.0' ],
106 silly audit   'string.prototype.includes': [ '2.0.1' ],
106 silly audit   'string.prototype.matchall': [ '4.0.12' ],
106 silly audit   'string.prototype.repeat': [ '1.0.0' ],
106 silly audit   'string.prototype.trim': [ '1.2.10' ],
106 silly audit   'string.prototype.trimend': [ '1.0.9' ],
106 silly audit   'string.prototype.trimstart': [ '1.0.8' ],
106 silly audit   'strip-bom': [ '3.0.0' ],
106 silly audit   'strip-json-comments': [ '3.1.1' ],
106 silly audit   'styled-jsx': [ '5.1.6' ],
106 silly audit   'supports-color': [ '7.2.0' ],
106 silly audit   'supports-preserve-symlinks-flag': [ '1.0.0' ],
106 silly audit   tailwindcss: [ '4.1.18' ],
106 silly audit   tapable: [ '2.3.0' ],
106 silly audit   tinyglobby: [ '0.2.15' ],
106 silly audit   fdir: [ '6.5.0' ],
106 silly audit   'to-regex-range': [ '5.0.1' ],
106 silly audit   'ts-api-utils': [ '2.3.0' ],
106 silly audit   'tsconfig-paths': [ '3.15.0' ],
106 silly audit   tslib: [ '2.8.1' ],
106 silly audit   'type-check': [ '0.4.0' ],
106 silly audit   'typed-array-buffer': [ '1.0.3' ],
106 silly audit   'typed-array-byte-length': [ '1.0.3' ],
106 silly audit   'typed-array-byte-offset': [ '1.0.4' ],
106 silly audit   'typed-array-length': [ '1.0.7' ],
106 silly audit   typescript: [ '5.9.3' ],
106 silly audit   'typescript-eslint': [ '8.51.0' ],
106 silly audit   'unbox-primitive': [ '1.1.0' ],
106 silly audit   'undici-types': [ '6.21.0' ],
106 silly audit   'unrs-resolver': [ '1.11.1' ],
106 silly audit   'update-browserslist-db': [ '1.2.3' ],
106 silly audit   'uri-js': [ '4.4.1' ],
106 silly audit   which: [ '2.0.2' ],
106 silly audit   'which-boxed-primitive': [ '1.1.1' ],
106 silly audit   'which-builtin-type': [ '1.2.1' ],
106 silly audit   'which-collection': [ '1.0.2' ],
106 silly audit   'which-typed-array': [ '1.1.19' ],
106 silly audit   'word-wrap': [ '1.2.5' ],
106 silly audit   yallist: [ '3.1.1' ],
106 silly audit   'yocto-queue': [ '0.1.0' ],
106 silly audit   zod: [ '4.3.4' ],
106 silly audit   'zod-validation-error': [ '4.0.2' ],
106 silly audit   '@supabase/ssr': [ '0.8.0' ],
106 silly audit   '@supabase/supabase-js': [ '2.89.0' ],
106 silly audit   cookie: [ '1.1.1' ],
106 silly audit   '@supabase/auth-js': [ '2.89.0' ],
106 silly audit   '@supabase/functions-js': [ '2.89.0' ],
106 silly audit   '@supabase/postgrest-js': [ '2.89.0' ],
106 silly audit   '@supabase/realtime-js': [ '2.89.0' ],
106 silly audit   '@supabase/storage-js': [ '2.89.0' ],
106 silly audit   '@types/phoenix': [ '1.6.7' ],
106 silly audit   '@types/ws': [ '8.18.1' ],
106 silly audit   ws: [ '8.18.3' ],
106 silly audit   'iceberg-js': [ '0.8.1' ],
106 silly audit   '@tailwindcss/oxide-wasm32-wasi': [ '4.1.18' ]
106 silly audit }
107 verbose reify failed optional dependency /Users/scott/repos/guitar/apps/web/node_modules/lightningcss-win32-x64-msvc
108 silly reify mark deleted [
108 silly reify   '/Users/scott/repos/guitar/apps/web/node_modules/lightningcss-win32-x64-msvc'
108 silly reify ]
109 verbose reify failed optional dependency /Users/scott/repos/guitar/apps/web/node_modules/lightningcss-win32-arm64-msvc
110 silly reify mark deleted [
110 silly reify   '/Users/scott/repos/guitar/apps/web/node_modules/lightningcss-win32-arm64-msvc'
110 silly reify ]
111 verbose reify failed optional dependency /Users/scott/repos/guitar/apps/web/node_modules/lightningcss-linux-x64-musl
112 silly reify mark deleted [
112 silly reify   '/Users/scott/repos/guitar/apps/web/node_modules/lightningcss-linux-x64-musl'
112 silly reify ]
113 verbose reify failed optional dependency /Users/scott/repos/guitar/apps/web/node_modules/lightningcss-linux-x64-gnu
114 silly reify mark deleted [
114 silly reify   '/Users/scott/repos/guitar/apps/web/node_modules/lightningcss-linux-x64-gnu'
114 silly reify ]
115 verbose reify failed optional dependency /Users/scott/repos/guitar/apps/web/node_modules/lightningcss-linux-arm64-musl
116 silly reify mark deleted [
116 silly reify   '/Users/scott/repos/guitar/apps/web/node_modules/lightningcss-linux-arm64-musl'
116 silly reify ]
117 verbose reify failed optional dependency /Users/scott/repos/guitar/apps/web/node_modules/lightningcss-linux-arm64-gnu
118 silly reify mark deleted [
118 silly reify   '/Users/scott/repos/guitar/apps/web/node_modules/lightningcss-linux-arm64-gnu'
118 silly reify ]
119 verbose reify failed optional dependency /Users/scott/repos/guitar/apps/web/node_modules/lightningcss-linux-arm-gnueabihf
120 silly reify mark deleted [
120 silly reify   '/Users/scott/repos/guitar/apps/web/node_modules/lightningcss-linux-arm-gnueabihf'
120 silly reify ]
121 verbose reify failed optional dependency /Users/scott/repos/guitar/apps/web/node_modules/lightningcss-freebsd-x64
122 silly reify mark deleted [
122 silly reify   '/Users/scott/repos/guitar/apps/web/node_modules/lightningcss-freebsd-x64'
122 silly reify ]
123 verbose reify failed optional dependency /Users/scott/repos/guitar/apps/web/node_modules/lightningcss-darwin-x64
124 silly reify mark deleted [
124 silly reify   '/Users/scott/repos/guitar/apps/web/node_modules/lightningcss-darwin-x64'
124 silly reify ]
125 verbose reify failed optional dependency /Users/scott/repos/guitar/apps/web/node_modules/lightningcss-android-arm64
126 silly reify mark deleted [
126 silly reify   '/Users/scott/repos/guitar/apps/web/node_modules/lightningcss-android-arm64'
126 silly reify ]
127 verbose reify failed optional dependency /Users/scott/repos/guitar/apps/web/node_modules/@unrs/resolver-binding-win32-x64-msvc
128 silly reify mark deleted [
128 silly reify   '/Users/scott/repos/guitar/apps/web/node_modules/@unrs/resolver-binding-win32-x64-msvc'
128 silly reify ]
129 verbose reify failed optional dependency /Users/scott/repos/guitar/apps/web/node_modules/@unrs/resolver-binding-win32-ia32-msvc
130 silly reify mark deleted [
130 silly reify   '/Users/scott/repos/guitar/apps/web/node_modules/@unrs/resolver-binding-win32-ia32-msvc'
130 silly reify ]
131 verbose reify failed optional dependency /Users/scott/repos/guitar/apps/web/node_modules/@unrs/resolver-binding-win32-arm64-msvc
132 silly reify mark deleted [
132 silly reify   '/Users/scott/repos/guitar/apps/web/node_modules/@unrs/resolver-binding-win32-arm64-msvc'
132 silly reify ]
133 verbose reify failed optional dependency /Users/scott/repos/guitar/apps/web/node_modules/@unrs/resolver-binding-wasm32-wasi
134 silly reify mark deleted [
134 silly reify   '/Users/scott/repos/guitar/apps/web/node_modules/@unrs/resolver-binding-wasm32-wasi'
134 silly reify ]
135 verbose reify failed optional dependency /Users/scott/repos/guitar/apps/web/node_modules/@unrs/resolver-binding-linux-x64-musl
136 silly reify mark deleted [
136 silly reify   '/Users/scott/repos/guitar/apps/web/node_modules/@unrs/resolver-binding-linux-x64-musl'
136 silly reify ]
137 verbose reify failed optional dependency /Users/scott/repos/guitar/apps/web/node_modules/@unrs/resolver-binding-linux-x64-gnu
138 silly reify mark deleted [
138 silly reify   '/Users/scott/repos/guitar/apps/web/node_modules/@unrs/resolver-binding-linux-x64-gnu'
138 silly reify ]
139 verbose reify failed optional dependency /Users/scott/repos/guitar/apps/web/node_modules/@unrs/resolver-binding-linux-s390x-gnu
140 silly reify mark deleted [
140 silly reify   '/Users/scott/repos/guitar/apps/web/node_modules/@unrs/resolver-binding-linux-s390x-gnu'
140 silly reify ]
141 verbose reify failed optional dependency /Users/scott/repos/guitar/apps/web/node_modules/@unrs/resolver-binding-linux-riscv64-musl
142 silly reify mark deleted [
142 silly reify   '/Users/scott/repos/guitar/apps/web/node_modules/@unrs/resolver-binding-linux-riscv64-musl'
142 silly reify ]
143 verbose reify failed optional dependency /Users/scott/repos/guitar/apps/web/node_modules/@unrs/resolver-binding-linux-riscv64-gnu
144 silly reify mark deleted [
144 silly reify   '/Users/scott/repos/guitar/apps/web/node_modules/@unrs/resolver-binding-linux-riscv64-gnu'
144 silly reify ]
145 verbose reify failed optional dependency /Users/scott/repos/guitar/apps/web/node_modules/@unrs/resolver-binding-linux-ppc64-gnu
146 silly reify mark deleted [
146 silly reify   '/Users/scott/repos/guitar/apps/web/node_modules/@unrs/resolver-binding-linux-ppc64-gnu'
146 silly reify ]
147 verbose reify failed optional dependency /Users/scott/repos/guitar/apps/web/node_modules/@unrs/resolver-binding-linux-arm64-musl
148 silly reify mark deleted [
148 silly reify   '/Users/scott/repos/guitar/apps/web/node_modules/@unrs/resolver-binding-linux-arm64-musl'
148 silly reify ]
149 verbose reify failed optional dependency /Users/scott/repos/guitar/apps/web/node_modules/@unrs/resolver-binding-linux-arm64-gnu
150 silly reify mark deleted [
150 silly reify   '/Users/scott/repos/guitar/apps/web/node_modules/@unrs/resolver-binding-linux-arm64-gnu'
150 silly reify ]
151 verbose reify failed optional dependency /Users/scott/repos/guitar/apps/web/node_modules/@unrs/resolver-binding-linux-arm-musleabihf
152 silly reify mark deleted [
152 silly reify   '/Users/scott/repos/guitar/apps/web/node_modules/@unrs/resolver-binding-linux-arm-musleabihf'
152 silly reify ]
153 verbose reify failed optional dependency /Users/scott/repos/guitar/apps/web/node_modules/@unrs/resolver-binding-linux-arm-gnueabihf
154 silly reify mark deleted [
154 silly reify   '/Users/scott/repos/guitar/apps/web/node_modules/@unrs/resolver-binding-linux-arm-gnueabihf'
154 silly reify ]
155 verbose reify failed optional dependency /Users/scott/repos/guitar/apps/web/node_modules/@unrs/resolver-binding-freebsd-x64
156 silly reify mark deleted [
156 silly reify   '/Users/scott/repos/guitar/apps/web/node_modules/@unrs/resolver-binding-freebsd-x64'
156 silly reify ]
157 verbose reify failed optional dependency /Users/scott/repos/guitar/apps/web/node_modules/@unrs/resolver-binding-darwin-x64
158 silly reify mark deleted [
158 silly reify   '/Users/scott/repos/guitar/apps/web/node_modules/@unrs/resolver-binding-darwin-x64'
158 silly reify ]
159 verbose reify failed optional dependency /Users/scott/repos/guitar/apps/web/node_modules/@unrs/resolver-binding-android-arm64
160 silly reify mark deleted [
160 silly reify   '/Users/scott/repos/guitar/apps/web/node_modules/@unrs/resolver-binding-android-arm64'
160 silly reify ]
161 verbose reify failed optional dependency /Users/scott/repos/guitar/apps/web/node_modules/@unrs/resolver-binding-android-arm-eabi
162 silly reify mark deleted [
162 silly reify   '/Users/scott/repos/guitar/apps/web/node_modules/@unrs/resolver-binding-android-arm-eabi'
162 silly reify ]
163 verbose reify failed optional dependency /Users/scott/repos/guitar/apps/web/node_modules/@tailwindcss/oxide-win32-x64-msvc
164 silly reify mark deleted [
164 silly reify   '/Users/scott/repos/guitar/apps/web/node_modules/@tailwindcss/oxide-win32-x64-msvc'
164 silly reify ]
165 verbose reify failed optional dependency /Users/scott/repos/guitar/apps/web/node_modules/@tailwindcss/oxide-win32-arm64-msvc
166 silly reify mark deleted [
166 silly reify   '/Users/scott/repos/guitar/apps/web/node_modules/@tailwindcss/oxide-win32-arm64-msvc'
166 silly reify ]
167 verbose reify failed optional dependency /Users/scott/repos/guitar/apps/web/node_modules/@tailwindcss/oxide-linux-x64-musl
168 silly reify mark deleted [
168 silly reify   '/Users/scott/repos/guitar/apps/web/node_modules/@tailwindcss/oxide-linux-x64-musl'
168 silly reify ]
169 verbose reify failed optional dependency /Users/scott/repos/guitar/apps/web/node_modules/@tailwindcss/oxide-linux-x64-gnu
170 silly reify mark deleted [
170 silly reify   '/Users/scott/repos/guitar/apps/web/node_modules/@tailwindcss/oxide-linux-x64-gnu'
170 silly reify ]
171 verbose reify failed optional dependency /Users/scott/repos/guitar/apps/web/node_modules/@tailwindcss/oxide-linux-arm64-musl
172 silly reify mark deleted [
172 silly reify   '/Users/scott/repos/guitar/apps/web/node_modules/@tailwindcss/oxide-linux-arm64-musl'
172 silly reify ]
173 verbose reify failed optional dependency /Users/scott/repos/guitar/apps/web/node_modules/@tailwindcss/oxide-linux-arm64-gnu
174 silly reify mark deleted [
174 silly reify   '/Users/scott/repos/guitar/apps/web/node_modules/@tailwindcss/oxide-linux-arm64-gnu'
174 silly reify ]
175 verbose reify failed optional dependency /Users/scott/repos/guitar/apps/web/node_modules/@tailwindcss/oxide-linux-arm-gnueabihf
176 silly reify mark deleted [
176 silly reify   '/Users/scott/repos/guitar/apps/web/node_modules/@tailwindcss/oxide-linux-arm-gnueabihf'
176 silly reify ]
177 verbose reify failed optional dependency /Users/scott/repos/guitar/apps/web/node_modules/@tailwindcss/oxide-freebsd-x64
178 silly reify mark deleted [
178 silly reify   '/Users/scott/repos/guitar/apps/web/node_modules/@tailwindcss/oxide-freebsd-x64'
178 silly reify ]
179 verbose reify failed optional dependency /Users/scott/repos/guitar/apps/web/node_modules/@tailwindcss/oxide-darwin-x64
180 silly reify mark deleted [
180 silly reify   '/Users/scott/repos/guitar/apps/web/node_modules/@tailwindcss/oxide-darwin-x64'
180 silly reify ]
181 verbose reify failed optional dependency /Users/scott/repos/guitar/apps/web/node_modules/@tailwindcss/oxide-android-arm64
182 silly reify mark deleted [
182 silly reify   '/Users/scott/repos/guitar/apps/web/node_modules/@tailwindcss/oxide-android-arm64'
182 silly reify ]
183 verbose reify failed optional dependency /Users/scott/repos/guitar/apps/web/node_modules/@next/swc-win32-x64-msvc
184 silly reify mark deleted [
184 silly reify   '/Users/scott/repos/guitar/apps/web/node_modules/@next/swc-win32-x64-msvc'
184 silly reify ]
185 verbose reify failed optional dependency /Users/scott/repos/guitar/apps/web/node_modules/@next/swc-win32-arm64-msvc
186 silly reify mark deleted [
186 silly reify   '/Users/scott/repos/guitar/apps/web/node_modules/@next/swc-win32-arm64-msvc'
186 silly reify ]
187 verbose reify failed optional dependency /Users/scott/repos/guitar/apps/web/node_modules/@next/swc-linux-x64-musl
188 silly reify mark deleted [
188 silly reify   '/Users/scott/repos/guitar/apps/web/node_modules/@next/swc-linux-x64-musl'
188 silly reify ]
189 verbose reify failed optional dependency /Users/scott/repos/guitar/apps/web/node_modules/@next/swc-linux-x64-gnu
190 silly reify mark deleted [
190 silly reify   '/Users/scott/repos/guitar/apps/web/node_modules/@next/swc-linux-x64-gnu'
190 silly reify ]
191 verbose reify failed optional dependency /Users/scott/repos/guitar/apps/web/node_modules/@next/swc-linux-arm64-musl
192 silly reify mark deleted [
192 silly reify   '/Users/scott/repos/guitar/apps/web/node_modules/@next/swc-linux-arm64-musl'
192 silly reify ]
193 verbose reify failed optional dependency /Users/scott/repos/guitar/apps/web/node_modules/@next/swc-linux-arm64-gnu
194 silly reify mark deleted [
194 silly reify   '/Users/scott/repos/guitar/apps/web/node_modules/@next/swc-linux-arm64-gnu'
194 silly reify ]
195 verbose reify failed optional dependency /Users/scott/repos/guitar/apps/web/node_modules/@next/swc-darwin-x64
196 silly reify mark deleted [
196 silly reify   '/Users/scott/repos/guitar/apps/web/node_modules/@next/swc-darwin-x64'
196 silly reify ]
197 verbose reify failed optional dependency /Users/scott/repos/guitar/apps/web/node_modules/@img/sharp-win32-x64
198 silly reify mark deleted [
198 silly reify   '/Users/scott/repos/guitar/apps/web/node_modules/@img/sharp-win32-x64'
198 silly reify ]
199 verbose reify failed optional dependency /Users/scott/repos/guitar/apps/web/node_modules/@img/sharp-win32-ia32
200 silly reify mark deleted [
200 silly reify   '/Users/scott/repos/guitar/apps/web/node_modules/@img/sharp-win32-ia32'
200 silly reify ]
201 verbose reify failed optional dependency /Users/scott/repos/guitar/apps/web/node_modules/@img/sharp-win32-arm64
202 silly reify mark deleted [
202 silly reify   '/Users/scott/repos/guitar/apps/web/node_modules/@img/sharp-win32-arm64'
202 silly reify ]
203 verbose reify failed optional dependency /Users/scott/repos/guitar/apps/web/node_modules/@img/sharp-wasm32
204 silly reify mark deleted [ '/Users/scott/repos/guitar/apps/web/node_modules/@img/sharp-wasm32' ]
205 verbose reify failed optional dependency /Users/scott/repos/guitar/apps/web/node_modules/@img/sharp-linuxmusl-x64
206 silly reify mark deleted [
206 silly reify   '/Users/scott/repos/guitar/apps/web/node_modules/@img/sharp-linuxmusl-x64'
206 silly reify ]
207 verbose reify failed optional dependency /Users/scott/repos/guitar/apps/web/node_modules/@img/sharp-linuxmusl-arm64
208 silly reify mark deleted [
208 silly reify   '/Users/scott/repos/guitar/apps/web/node_modules/@img/sharp-linuxmusl-arm64'
208 silly reify ]
209 verbose reify failed optional dependency /Users/scott/repos/guitar/apps/web/node_modules/@img/sharp-linux-x64
210 silly reify mark deleted [
210 silly reify   '/Users/scott/repos/guitar/apps/web/node_modules/@img/sharp-linux-x64'
210 silly reify ]
211 verbose reify failed optional dependency /Users/scott/repos/guitar/apps/web/node_modules/@img/sharp-linux-s390x
212 silly reify mark deleted [
212 silly reify   '/Users/scott/repos/guitar/apps/web/node_modules/@img/sharp-linux-s390x'
212 silly reify ]
213 verbose reify failed optional dependency /Users/scott/repos/guitar/apps/web/node_modules/@img/sharp-linux-riscv64
214 silly reify mark deleted [
214 silly reify   '/Users/scott/repos/guitar/apps/web/node_modules/@img/sharp-linux-riscv64'
214 silly reify ]
215 verbose reify failed optional dependency /Users/scott/repos/guitar/apps/web/node_modules/@img/sharp-linux-ppc64
216 silly reify mark deleted [
216 silly reify   '/Users/scott/repos/guitar/apps/web/node_modules/@img/sharp-linux-ppc64'
216 silly reify ]
217 verbose reify failed optional dependency /Users/scott/repos/guitar/apps/web/node_modules/@img/sharp-linux-arm64
218 silly reify mark deleted [
218 silly reify   '/Users/scott/repos/guitar/apps/web/node_modules/@img/sharp-linux-arm64'
218 silly reify ]
219 verbose reify failed optional dependency /Users/scott/repos/guitar/apps/web/node_modules/@img/sharp-linux-arm
220 silly reify mark deleted [
220 silly reify   '/Users/scott/repos/guitar/apps/web/node_modules/@img/sharp-linux-arm'
220 silly reify ]
221 verbose reify failed optional dependency /Users/scott/repos/guitar/apps/web/node_modules/@img/sharp-libvips-linuxmusl-x64
222 silly reify mark deleted [
222 silly reify   '/Users/scott/repos/guitar/apps/web/node_modules/@img/sharp-libvips-linuxmusl-x64'
222 silly reify ]
223 verbose reify failed optional dependency /Users/scott/repos/guitar/apps/web/node_modules/@img/sharp-libvips-linuxmusl-arm64
224 silly reify mark deleted [
224 silly reify   '/Users/scott/repos/guitar/apps/web/node_modules/@img/sharp-libvips-linuxmusl-arm64'
224 silly reify ]
225 verbose reify failed optional dependency /Users/scott/repos/guitar/apps/web/node_modules/@img/sharp-libvips-linux-x64
226 silly reify mark deleted [
226 silly reify   '/Users/scott/repos/guitar/apps/web/node_modules/@img/sharp-libvips-linux-x64'
226 silly reify ]
227 verbose reify failed optional dependency /Users/scott/repos/guitar/apps/web/node_modules/@img/sharp-libvips-linux-s390x
228 silly reify mark deleted [
228 silly reify   '/Users/scott/repos/guitar/apps/web/node_modules/@img/sharp-libvips-linux-s390x'
228 silly reify ]
229 verbose reify failed optional dependency /Users/scott/repos/guitar/apps/web/node_modules/@img/sharp-libvips-linux-riscv64
230 silly reify mark deleted [
230 silly reify   '/Users/scott/repos/guitar/apps/web/node_modules/@img/sharp-libvips-linux-riscv64'
230 silly reify ]
231 verbose reify failed optional dependency /Users/scott/repos/guitar/apps/web/node_modules/@img/sharp-libvips-linux-ppc64
232 silly reify mark deleted [
232 silly reify   '/Users/scott/repos/guitar/apps/web/node_modules/@img/sharp-libvips-linux-ppc64'
232 silly reify ]
233 verbose reify failed optional dependency /Users/scott/repos/guitar/apps/web/node_modules/@img/sharp-libvips-linux-arm64
234 silly reify mark deleted [
234 silly reify   '/Users/scott/repos/guitar/apps/web/node_modules/@img/sharp-libvips-linux-arm64'
234 silly reify ]
235 verbose reify failed optional dependency /Users/scott/repos/guitar/apps/web/node_modules/@img/sharp-libvips-linux-arm
236 silly reify mark deleted [
236 silly reify   '/Users/scott/repos/guitar/apps/web/node_modules/@img/sharp-libvips-linux-arm'
236 silly reify ]
237 verbose reify failed optional dependency /Users/scott/repos/guitar/apps/web/node_modules/@img/sharp-libvips-darwin-x64
238 silly reify mark deleted [
238 silly reify   '/Users/scott/repos/guitar/apps/web/node_modules/@img/sharp-libvips-darwin-x64'
238 silly reify ]
239 verbose reify failed optional dependency /Users/scott/repos/guitar/apps/web/node_modules/@img/sharp-darwin-x64
240 silly reify mark deleted [
240 silly reify   '/Users/scott/repos/guitar/apps/web/node_modules/@img/sharp-darwin-x64'
240 silly reify ]
241 http cache @types/ws@https://registry.npmjs.org/@types/ws/-/ws-8.18.1.tgz 0ms (cache hit)
242 http cache @types/phoenix@https://registry.npmjs.org/@types/phoenix/-/phoenix-1.6.7.tgz 0ms (cache hit)
243 http cache ws@https://registry.npmjs.org/ws/-/ws-8.18.3.tgz 0ms (cache hit)
244 http cache iceberg-js@https://registry.npmjs.org/iceberg-js/-/iceberg-js-0.8.1.tgz 0ms (cache hit)
245 http cache @supabase/storage-js@https://registry.npmjs.org/@supabase/storage-js/-/storage-js-2.89.0.tgz 0ms (cache hit)
246 http cache @supabase/realtime-js@https://registry.npmjs.org/@supabase/realtime-js/-/realtime-js-2.89.0.tgz 0ms (cache hit)
247 http cache @supabase/postgrest-js@https://registry.npmjs.org/@supabase/postgrest-js/-/postgrest-js-2.89.0.tgz 0ms (cache hit)
248 http cache @supabase/auth-js@https://registry.npmjs.org/@supabase/auth-js/-/auth-js-2.89.0.tgz 0ms (cache hit)
249 http cache @supabase/functions-js@https://registry.npmjs.org/@supabase/functions-js/-/functions-js-2.89.0.tgz 0ms (cache hit)
250 http cache cookie@https://registry.npmjs.org/cookie/-/cookie-1.1.1.tgz 0ms (cache hit)
251 http cache @supabase/supabase-js@https://registry.npmjs.org/@supabase/supabase-js/-/supabase-js-2.89.0.tgz 0ms (cache hit)
252 http cache @supabase/ssr@https://registry.npmjs.org/@supabase/ssr/-/ssr-0.8.0.tgz 0ms (cache hit)
253 silly tarball no local data for @types/ws@https://registry.npmjs.org/@types/ws/-/ws-8.18.1.tgz. Extracting by manifest.
254 silly tarball no local data for @types/phoenix@https://registry.npmjs.org/@types/phoenix/-/phoenix-1.6.7.tgz. Extracting by manifest.
255 silly tarball no local data for ws@https://registry.npmjs.org/ws/-/ws-8.18.3.tgz. Extracting by manifest.
256 silly tarball no local data for iceberg-js@https://registry.npmjs.org/iceberg-js/-/iceberg-js-0.8.1.tgz. Extracting by manifest.
257 silly tarball no local data for @supabase/storage-js@https://registry.npmjs.org/@supabase/storage-js/-/storage-js-2.89.0.tgz. Extracting by manifest.
258 silly tarball no local data for @supabase/realtime-js@https://registry.npmjs.org/@supabase/realtime-js/-/realtime-js-2.89.0.tgz. Extracting by manifest.
259 silly tarball no local data for @supabase/postgrest-js@https://registry.npmjs.org/@supabase/postgrest-js/-/postgrest-js-2.89.0.tgz. Extracting by manifest.
260 silly tarball no local data for @supabase/auth-js@https://registry.npmjs.org/@supabase/auth-js/-/auth-js-2.89.0.tgz. Extracting by manifest.
261 silly tarball no local data for @supabase/functions-js@https://registry.npmjs.org/@supabase/functions-js/-/functions-js-2.89.0.tgz. Extracting by manifest.
262 silly tarball no local data for cookie@https://registry.npmjs.org/cookie/-/cookie-1.1.1.tgz. Extracting by manifest.
263 silly tarball no local data for @supabase/supabase-js@https://registry.npmjs.org/@supabase/supabase-js/-/supabase-js-2.89.0.tgz. Extracting by manifest.
264 silly tarball no local data for @supabase/ssr@https://registry.npmjs.org/@supabase/ssr/-/ssr-0.8.0.tgz. Extracting by manifest.
265 http fetch GET 200 https://registry.npmjs.org/iceberg-js/-/iceberg-js-0.8.1.tgz 53ms (cache miss)
266 http fetch GET 200 https://registry.npmjs.org/ws/-/ws-8.18.3.tgz 62ms (cache miss)
267 http fetch GET 200 https://registry.npmjs.org/@types/phoenix/-/phoenix-1.6.7.tgz 70ms (cache miss)
268 http fetch GET 200 https://registry.npmjs.org/@supabase/storage-js/-/storage-js-2.89.0.tgz 81ms (cache miss)
269 http fetch GET 200 https://registry.npmjs.org/@types/ws/-/ws-8.18.1.tgz 83ms (cache miss)
270 http fetch GET 200 https://registry.npmjs.org/@supabase/realtime-js/-/realtime-js-2.89.0.tgz 88ms (cache miss)
271 http fetch POST 200 https://registry.npmjs.org/-/npm/v1/security/advisories/bulk 99ms
272 silly audit report {}
273 http fetch GET 200 https://registry.npmjs.org/cookie/-/cookie-1.1.1.tgz 93ms (cache miss)
274 http fetch GET 200 https://registry.npmjs.org/@supabase/functions-js/-/functions-js-2.89.0.tgz 95ms (cache miss)
275 http fetch GET 200 https://registry.npmjs.org/@supabase/postgrest-js/-/postgrest-js-2.89.0.tgz 100ms (cache miss)
276 http fetch GET 200 https://registry.npmjs.org/@supabase/supabase-js/-/supabase-js-2.89.0.tgz 109ms (cache miss)
277 http fetch GET 200 https://registry.npmjs.org/@supabase/auth-js/-/auth-js-2.89.0.tgz 121ms (cache miss)
278 http fetch GET 200 https://registry.npmjs.org/@supabase/ssr/-/ssr-0.8.0.tgz 122ms (cache miss)
279 silly ADD node_modules/iceberg-js
280 silly ADD node_modules/ws
281 silly ADD node_modules/@types/ws
282 silly ADD node_modules/@types/phoenix
283 silly ADD node_modules/@supabase/storage-js
284 silly ADD node_modules/@supabase/realtime-js
285 silly ADD node_modules/@supabase/postgrest-js
286 silly ADD node_modules/@supabase/functions-js
287 silly ADD node_modules/@supabase/auth-js
288 silly ADD node_modules/cookie
289 silly ADD node_modules/@supabase/supabase-js
290 silly ADD node_modules/@supabase/ssr
291 silly ADD
292 silly ADD
293 silly ADD
294 silly ADD
295 silly ADD
296 silly ADD
297 silly ADD
298 silly ADD
299 silly ADD
300 silly ADD
301 silly ADD
302 silly ADD
303 silly ADD
304 silly ADD
305 silly ADD
306 silly ADD
307 silly ADD
308 silly ADD
309 silly ADD
310 silly ADD
311 silly ADD
312 silly ADD
313 silly ADD
314 silly ADD
315 silly ADD
316 silly ADD
317 silly ADD
318 silly ADD
319 silly ADD
320 silly ADD
321 silly ADD
322 silly ADD
323 silly ADD
324 silly ADD
325 silly ADD
326 silly ADD
327 silly ADD
328 silly ADD
329 silly ADD
330 silly ADD
331 silly ADD
332 silly ADD
333 silly ADD
334 silly ADD
335 silly ADD
336 silly ADD
337 silly ADD
338 silly ADD
339 silly ADD
340 silly ADD
341 silly ADD
342 silly ADD
343 silly ADD
344 silly ADD
345 silly ADD
346 silly ADD
347 silly ADD
348 silly ADD
349 silly ADD
350 silly ADD
351 silly ADD
352 silly ADD
353 silly ADD
354 silly ADD
355 silly ADD
356 silly ADD
357 silly ADD
358 silly ADD
359 verbose cwd /Users/scott/repos/guitar/apps/web
360 verbose os Darwin 25.2.0
361 verbose node v23.5.0
362 verbose npm  v10.9.2
363 verbose exit 0
364 info ok
