0 verbose cli /opt/homebrew/Cellar/node/23.5.0/bin/node /opt/homebrew/bin/npm
1 info using npm@10.9.2
2 info using node@v23.5.0
3 silly config load:file:/opt/homebrew/lib/node_modules/npm/npmrc
4 silly config load:file:/Users/scott/repos/guitar/apps/web/.npmrc
5 silly config load:file:/Users/scott/.npmrc
6 silly config load:file:/opt/homebrew/etc/npmrc
7 verbose title npm install jsdom @mozilla/readability pdf-parse
8 verbose argv "install" "jsdom" "@mozilla/readability" "pdf-parse"
9 verbose logfile logs-max:10 dir:/Users/scott/repos/guitar/.npm-cache/_logs/2026-01-02T02_57_45_486Z-
10 verbose logfile /Users/scott/repos/guitar/.npm-cache/_logs/2026-01-02T02_57_45_486Z-debug-0.log
11 silly logfile start cleaning logs, removing 1 files
12 silly packumentCache heap:4345298944 maxSize:1086324736 maxEntrySize:543162368
13 silly logfile done cleaning log files
14 silly idealTree buildDeps
15 silly fetch manifest jsdom@*
16 silly packumentCache full:https://registry.npmjs.org/jsdom cache-miss
17 http fetch GET 200 https://registry.npmjs.org/jsdom 143ms (cache miss)
18 silly packumentCache full:https://registry.npmjs.org/jsdom set size:undefined disposed:false
19 silly fetch manifest canvas@^3.0.0
20 silly packumentCache full:https://registry.npmjs.org/canvas cache-miss
21 http fetch GET 200 https://registry.npmjs.org/canvas 70ms (cache miss)
22 silly packumentCache full:https://registry.npmjs.org/canvas set size:undefined disposed:false
23 silly fetch manifest @mozilla/readability@*
24 silly packumentCache full:https://registry.npmjs.org/@mozilla%2freadability cache-miss
25 http fetch GET 200 https://registry.npmjs.org/@mozilla%2freadability 64ms (cache miss)
26 silly packumentCache full:https://registry.npmjs.org/@mozilla%2freadability set size:undefined disposed:false
27 silly fetch manifest pdf-parse@*
28 silly packumentCache full:https://registry.npmjs.org/pdf-parse cache-miss
29 http fetch GET 200 https://registry.npmjs.org/pdf-parse 46ms (cache miss)
30 silly packumentCache full:https://registry.npmjs.org/pdf-parse set size:undefined disposed:false
31 silly placeDep ROOT @mozilla/readability@0.6.0 OK for: web@0.1.0 want: *
32 silly placeDep ROOT jsdom@27.0.1 OK for: web@0.1.0 want: *
33 silly placeDep ROOT pdf-parse@2.4.5 OK for: web@0.1.0 want: *
34 silly fetch manifest saxes@^6.0.0
35 silly packumentCache full:https://registry.npmjs.org/saxes cache-miss
36 silly fetch manifest parse5@^8.0.0
37 silly packumentCache full:https://registry.npmjs.org/parse5 cache-miss
38 silly fetch manifest cssstyle@^5.3.1
39 silly packumentCache full:https://registry.npmjs.org/cssstyle cache-miss
40 silly fetch manifest data-urls@^6.0.0
41 silly packumentCache full:https://registry.npmjs.org/data-urls cache-miss
42 silly fetch manifest decimal.js@^10.6.0
43 silly packumentCache full:https://registry.npmjs.org/decimal.js cache-miss
44 silly fetch manifest whatwg-url@^15.1.0
45 silly packumentCache full:https://registry.npmjs.org/whatwg-url cache-miss
46 silly fetch manifest rrweb-cssom@^0.8.0
47 silly packumentCache full:https://registry.npmjs.org/rrweb-cssom cache-miss
48 silly fetch manifest symbol-tree@^3.2.4
49 silly packumentCache full:https://registry.npmjs.org/symbol-tree cache-miss
50 silly fetch manifest tough-cookie@^6.0.0
51 silly packumentCache full:https://registry.npmjs.org/tough-cookie cache-miss
52 silly fetch manifest whatwg-encoding@^3.1.1
53 silly packumentCache full:https://registry.npmjs.org/whatwg-encoding cache-miss
54 http fetch GET 200 https://registry.npmjs.org/saxes 53ms (cache miss)
55 silly packumentCache full:https://registry.npmjs.org/saxes set size:undefined disposed:false
56 silly fetch manifest whatwg-mimetype@^4.0.0
57 silly packumentCache full:https://registry.npmjs.org/whatwg-mimetype cache-miss
58 http fetch GET 200 https://registry.npmjs.org/parse5 75ms (cache miss)
59 silly packumentCache full:https://registry.npmjs.org/parse5 set size:undefined disposed:false
60 silly fetch manifest http-proxy-agent@^7.0.2
61 silly packumentCache full:https://registry.npmjs.org/http-proxy-agent cache-miss
62 http fetch GET 200 https://registry.npmjs.org/cssstyle 80ms (cache miss)
63 silly packumentCache full:https://registry.npmjs.org/cssstyle set size:undefined disposed:false
64 silly fetch manifest https-proxy-agent@^7.0.6
65 silly packumentCache full:https://registry.npmjs.org/https-proxy-agent cache-miss
66 http fetch GET 200 https://registry.npmjs.org/decimal.js 87ms (cache miss)
67 silly packumentCache full:https://registry.npmjs.org/decimal.js set size:undefined disposed:false
68 silly fetch manifest w3c-xmlserializer@^5.0.0
69 silly packumentCache full:https://registry.npmjs.org/w3c-xmlserializer cache-miss
70 http fetch GET 200 https://registry.npmjs.org/rrweb-cssom 90ms (cache miss)
71 silly packumentCache full:https://registry.npmjs.org/rrweb-cssom set size:undefined disposed:false
72 silly fetch manifest webidl-conversions@^8.0.0
73 silly packumentCache full:https://registry.npmjs.org/webidl-conversions cache-miss
74 http fetch GET 200 https://registry.npmjs.org/data-urls 92ms (cache miss)
75 silly packumentCache full:https://registry.npmjs.org/data-urls set size:undefined disposed:false
76 silly fetch manifest xml-name-validator@^5.0.0
77 silly packumentCache full:https://registry.npmjs.org/xml-name-validator cache-miss
78 http fetch GET 200 https://registry.npmjs.org/symbol-tree 92ms (cache miss)
79 silly packumentCache full:https://registry.npmjs.org/symbol-tree set size:undefined disposed:false
80 silly fetch manifest html-encoding-sniffer@^4.0.0
81 silly packumentCache full:https://registry.npmjs.org/html-encoding-sniffer cache-miss
82 http fetch GET 200 https://registry.npmjs.org/tough-cookie 93ms (cache miss)
83 silly packumentCache full:https://registry.npmjs.org/tough-cookie set size:undefined disposed:false
84 silly fetch manifest @asamuzakjp/dom-selector@^6.7.2
85 silly packumentCache full:https://registry.npmjs.org/@asamuzakjp%2fdom-selector cache-miss
86 http fetch GET 200 https://registry.npmjs.org/whatwg-mimetype 42ms (cache miss)
87 silly packumentCache full:https://registry.npmjs.org/whatwg-mimetype set size:undefined disposed:false
88 silly fetch manifest is-potential-custom-element-name@^1.0.1
89 silly packumentCache full:https://registry.npmjs.org/is-potential-custom-element-name cache-miss
90 http fetch GET 200 https://registry.npmjs.org/whatwg-encoding 96ms (cache miss)
91 silly packumentCache full:https://registry.npmjs.org/whatwg-encoding set size:undefined disposed:false
92 silly fetch manifest pdfjs-dist@5.4.296
93 silly packumentCache full:https://registry.npmjs.org/pdfjs-dist cache-miss
94 http fetch GET 200 https://registry.npmjs.org/whatwg-url 110ms (cache miss)
95 silly packumentCache full:https://registry.npmjs.org/whatwg-url set size:undefined disposed:false
96 silly fetch manifest @napi-rs/canvas@0.1.80
97 silly packumentCache full:https://registry.npmjs.org/@napi-rs%2fcanvas cache-miss
98 http fetch GET 200 https://registry.npmjs.org/http-proxy-agent 36ms (cache miss)
99 silly packumentCache full:https://registry.npmjs.org/http-proxy-agent set size:undefined disposed:false
100 http fetch GET 200 https://registry.npmjs.org/https-proxy-agent 35ms (cache miss)
101 silly packumentCache full:https://registry.npmjs.org/https-proxy-agent set size:undefined disposed:false
102 http fetch GET 200 https://registry.npmjs.org/w3c-xmlserializer 46ms (cache miss)
103 silly packumentCache full:https://registry.npmjs.org/w3c-xmlserializer set size:undefined disposed:false
104 http fetch GET 200 https://registry.npmjs.org/webidl-conversions 45ms (cache miss)
105 silly packumentCache full:https://registry.npmjs.org/webidl-conversions set size:undefined disposed:false
106 http fetch GET 200 https://registry.npmjs.org/xml-name-validator 45ms (cache miss)
107 silly packumentCache full:https://registry.npmjs.org/xml-name-validator set size:undefined disposed:false
108 http fetch GET 200 https://registry.npmjs.org/is-potential-custom-element-name 58ms (cache miss)
109 silly packumentCache full:https://registry.npmjs.org/is-potential-custom-element-name set size:undefined disposed:false
110 http fetch GET 200 https://registry.npmjs.org/@asamuzakjp%2fdom-selector 61ms (cache miss)
111 silly packumentCache full:https://registry.npmjs.org/@asamuzakjp%2fdom-selector set size:undefined disposed:false
112 http fetch GET 200 https://registry.npmjs.org/html-encoding-sniffer 66ms (cache miss)
113 silly packumentCache full:https://registry.npmjs.org/html-encoding-sniffer set size:undefined disposed:false
114 http fetch GET 200 https://registry.npmjs.org/pdfjs-dist 66ms (cache miss)
115 silly packumentCache full:https://registry.npmjs.org/pdfjs-dist set size:undefined disposed:false
116 http fetch GET 200 https://registry.npmjs.org/@napi-rs%2fcanvas 62ms (cache miss)
117 silly packumentCache full:https://registry.npmjs.org/@napi-rs%2fcanvas set size:undefined disposed:false
118 silly placeDep ROOT @asamuzakjp/dom-selector@6.7.6 OK for: jsdom@27.0.1 want: ^6.7.2
119 silly placeDep ROOT cssstyle@5.3.6 OK for: jsdom@27.0.1 want: ^5.3.1
120 silly placeDep ROOT data-urls@6.0.0 OK for: jsdom@27.0.1 want: ^6.0.0
121 silly placeDep ROOT decimal.js@10.6.0 OK for: jsdom@27.0.1 want: ^10.6.0
122 silly placeDep ROOT html-encoding-sniffer@4.0.0 OK for: jsdom@27.0.1 want: ^4.0.0
123 silly placeDep ROOT http-proxy-agent@7.0.2 OK for: jsdom@27.0.1 want: ^7.0.2
124 silly placeDep ROOT https-proxy-agent@7.0.6 OK for: jsdom@27.0.1 want: ^7.0.6
125 silly placeDep ROOT is-potential-custom-element-name@1.0.1 OK for: jsdom@27.0.1 want: ^1.0.1
126 silly placeDep ROOT parse5@8.0.0 OK for: jsdom@27.0.1 want: ^8.0.0
127 silly placeDep ROOT rrweb-cssom@0.8.0 OK for: jsdom@27.0.1 want: ^0.8.0
128 silly placeDep ROOT saxes@6.0.0 OK for: jsdom@27.0.1 want: ^6.0.0
129 silly placeDep ROOT symbol-tree@3.2.4 OK for: jsdom@27.0.1 want: ^3.2.4
130 silly placeDep ROOT tough-cookie@6.0.0 OK for: jsdom@27.0.1 want: ^6.0.0
131 silly placeDep ROOT w3c-xmlserializer@5.0.0 OK for: jsdom@27.0.1 want: ^5.0.0
132 silly placeDep ROOT webidl-conversions@8.0.0 OK for: jsdom@27.0.1 want: ^8.0.0
133 silly placeDep ROOT whatwg-encoding@3.1.1 OK for: jsdom@27.0.1 want: ^3.1.1
134 silly placeDep ROOT whatwg-mimetype@4.0.0 OK for: jsdom@27.0.1 want: ^4.0.0
135 silly placeDep ROOT whatwg-url@15.1.0 OK for: jsdom@27.0.1 want: ^15.1.0
136 silly placeDep ROOT xml-name-validator@5.0.0 OK for: jsdom@27.0.1 want: ^5.0.0
137 silly fetch manifest @asamuzakjp/nwsapi@^2.3.9
138 silly packumentCache full:https://registry.npmjs.org/@asamuzakjp%2fnwsapi cache-miss
139 silly fetch manifest bidi-js@^1.0.3
140 silly packumentCache full:https://registry.npmjs.org/bidi-js cache-miss
141 silly fetch manifest css-tree@^3.1.0
142 silly packumentCache full:https://registry.npmjs.org/css-tree cache-miss
143 silly fetch manifest lru-cache@^11.2.4
144 silly packumentCache full:https://registry.npmjs.org/lru-cache cache-miss
145 silly fetch manifest @asamuzakjp/css-color@^4.1.1
146 silly packumentCache full:https://registry.npmjs.org/@asamuzakjp%2fcss-color cache-miss
147 silly fetch manifest @csstools/css-syntax-patches-for-csstree@^1.0.21
148 silly packumentCache full:https://registry.npmjs.org/@csstools%2fcss-syntax-patches-for-csstree cache-miss
149 silly fetch manifest css-tree@^3.1.0
150 silly packumentCache full:https://registry.npmjs.org/css-tree cache-miss
151 silly fetch manifest lru-cache@^11.2.4
152 silly packumentCache full:https://registry.npmjs.org/lru-cache cache-miss
153 silly fetch manifest whatwg-url@^15.0.0
154 silly packumentCache full:https://registry.npmjs.org/whatwg-url cache-miss
155 silly fetch manifest agent-base@^7.1.0
156 silly packumentCache full:https://registry.npmjs.org/agent-base cache-miss
157 http cache https://registry.npmjs.org/whatwg-url 7ms (cache hit)
158 silly packumentCache full:https://registry.npmjs.org/whatwg-url set size:165406 disposed:false
159 silly fetch manifest agent-base@^7.1.2
160 silly packumentCache full:https://registry.npmjs.org/agent-base cache-miss
161 http fetch GET 200 https://registry.npmjs.org/agent-base 41ms (cache miss)
162 silly packumentCache full:https://registry.npmjs.org/agent-base set size:undefined disposed:false
163 silly fetch manifest entities@^6.0.0
164 silly packumentCache full:https://registry.npmjs.org/entities cache-miss
165 http fetch GET 200 https://registry.npmjs.org/lru-cache 43ms (cache revalidated)
166 silly packumentCache full:https://registry.npmjs.org/lru-cache set size:406394 disposed:false
167 silly fetch manifest xmlchars@^2.2.0
168 silly packumentCache full:https://registry.npmjs.org/xmlchars cache-miss
169 http fetch GET 200 https://registry.npmjs.org/css-tree 45ms (cache miss)
170 silly packumentCache full:https://registry.npmjs.org/css-tree set size:undefined disposed:false
171 silly fetch manifest tldts@^7.0.5
172 silly packumentCache full:https://registry.npmjs.org/tldts cache-miss
173 http fetch GET 200 https://registry.npmjs.org/lru-cache 47ms (cache revalidated)
174 silly packumentCache full:https://registry.npmjs.org/lru-cache set size:406394 disposed:false
175 silly packumentCache full:https://registry.npmjs.org/lru-cache dispose
176 silly fetch manifest iconv-lite@0.6.3
177 silly packumentCache full:https://registry.npmjs.org/iconv-lite cache-miss
178 http fetch GET 200 https://registry.npmjs.org/agent-base 43ms (cache miss)
179 silly packumentCache full:https://registry.npmjs.org/agent-base set size:undefined disposed:false
180 silly fetch manifest tr46@^6.0.0
181 silly packumentCache full:https://registry.npmjs.org/tr46 cache-miss
182 http fetch GET 200 https://registry.npmjs.org/css-tree 53ms (cache miss)
183 silly packumentCache full:https://registry.npmjs.org/css-tree set size:undefined disposed:false
184 http fetch GET 200 https://registry.npmjs.org/@asamuzakjp%2fnwsapi 55ms (cache miss)
185 silly packumentCache full:https://registry.npmjs.org/@asamuzakjp%2fnwsapi set size:undefined disposed:false
186 http fetch GET 200 https://registry.npmjs.org/bidi-js 55ms (cache miss)
187 silly packumentCache full:https://registry.npmjs.org/bidi-js set size:undefined disposed:false
188 http fetch GET 200 https://registry.npmjs.org/@csstools%2fcss-syntax-patches-for-csstree 55ms (cache miss)
189 silly packumentCache full:https://registry.npmjs.org/@csstools%2fcss-syntax-patches-for-csstree set size:undefined disposed:false
190 http fetch GET 200 https://registry.npmjs.org/@asamuzakjp%2fcss-color 56ms (cache miss)
191 silly packumentCache full:https://registry.npmjs.org/@asamuzakjp%2fcss-color set size:undefined disposed:false
192 http fetch GET 200 https://registry.npmjs.org/entities 38ms (cache miss)
193 silly packumentCache full:https://registry.npmjs.org/entities set size:undefined disposed:false
194 http fetch GET 200 https://registry.npmjs.org/tr46 35ms (cache miss)
195 silly packumentCache full:https://registry.npmjs.org/tr46 set size:undefined disposed:false
196 http fetch GET 200 https://registry.npmjs.org/iconv-lite 39ms (cache miss)
197 silly packumentCache full:https://registry.npmjs.org/iconv-lite set size:undefined disposed:false
198 http fetch GET 200 https://registry.npmjs.org/xmlchars 51ms (cache miss)
199 silly packumentCache full:https://registry.npmjs.org/xmlchars set size:undefined disposed:false
200 http fetch GET 200 https://registry.npmjs.org/tldts 78ms (cache miss)
201 silly packumentCache full:https://registry.npmjs.org/tldts set size:undefined disposed:false
202 silly placeDep ROOT @asamuzakjp/nwsapi@2.3.9 OK for: @asamuzakjp/dom-selector@6.7.6 want: ^2.3.9
203 silly placeDep ROOT bidi-js@1.0.3 OK for: @asamuzakjp/dom-selector@6.7.6 want: ^1.0.3
204 silly placeDep ROOT css-tree@3.1.0 OK for: @asamuzakjp/dom-selector@6.7.6 want: ^3.1.0
205 silly placeDep node_modules/@asamuzakjp/dom-selector lru-cache@11.2.4 OK for: @asamuzakjp/dom-selector@6.7.6 want: ^11.2.4
206 silly fetch manifest require-from-string@^2.0.2
207 silly packumentCache full:https://registry.npmjs.org/require-from-string cache-miss
208 silly fetch manifest mdn-data@2.12.2
209 silly packumentCache full:https://registry.npmjs.org/mdn-data cache-miss
210 http fetch GET 200 https://registry.npmjs.org/mdn-data 41ms (cache miss)
211 silly packumentCache full:https://registry.npmjs.org/mdn-data set size:undefined disposed:false
212 http fetch GET 200 https://registry.npmjs.org/require-from-string 43ms (cache miss)
213 silly packumentCache full:https://registry.npmjs.org/require-from-string set size:undefined disposed:false
214 silly placeDep ROOT require-from-string@2.0.2 OK for: bidi-js@1.0.3 want: ^2.0.2
215 silly placeDep ROOT mdn-data@2.12.2 OK for: css-tree@3.1.0 want: 2.12.2
216 silly placeDep ROOT @asamuzakjp/css-color@4.1.1 OK for: cssstyle@5.3.6 want: ^4.1.1
217 silly placeDep ROOT @csstools/css-syntax-patches-for-csstree@1.0.22 OK for: cssstyle@5.3.6 want: ^1.0.21
218 silly placeDep node_modules/cssstyle lru-cache@11.2.4 OK for: cssstyle@5.3.6 want: ^11.2.4
219 silly fetch manifest @csstools/css-calc@^2.1.4
220 silly packumentCache full:https://registry.npmjs.org/@csstools%2fcss-calc cache-miss
221 silly fetch manifest @csstools/css-color-parser@^3.1.0
222 silly packumentCache full:https://registry.npmjs.org/@csstools%2fcss-color-parser cache-miss
223 silly fetch manifest @csstools/css-parser-algorithms@^3.0.5
224 silly packumentCache full:https://registry.npmjs.org/@csstools%2fcss-parser-algorithms cache-miss
225 silly fetch manifest @csstools/css-tokenizer@^3.0.4
226 silly packumentCache full:https://registry.npmjs.org/@csstools%2fcss-tokenizer cache-miss
227 http fetch GET 200 https://registry.npmjs.org/@csstools%2fcss-tokenizer 50ms (cache miss)
228 silly packumentCache full:https://registry.npmjs.org/@csstools%2fcss-tokenizer set size:undefined disposed:false
229 http fetch GET 200 https://registry.npmjs.org/@csstools%2fcss-color-parser 51ms (cache miss)
230 silly packumentCache full:https://registry.npmjs.org/@csstools%2fcss-color-parser set size:undefined disposed:false
231 http fetch GET 200 https://registry.npmjs.org/@csstools%2fcss-calc 53ms (cache miss)
232 silly packumentCache full:https://registry.npmjs.org/@csstools%2fcss-calc set size:undefined disposed:false
233 http fetch GET 200 https://registry.npmjs.org/@csstools%2fcss-parser-algorithms 59ms (cache miss)
234 silly packumentCache full:https://registry.npmjs.org/@csstools%2fcss-parser-algorithms set size:undefined disposed:false
235 silly placeDep ROOT @csstools/css-calc@2.1.4 OK for: @asamuzakjp/css-color@4.1.1 want: ^2.1.4
236 silly placeDep ROOT @csstools/css-parser-algorithms@3.0.5 OK for: @csstools/css-calc@2.1.4 want: ^3.0.5
237 silly placeDep ROOT @csstools/css-tokenizer@3.0.4 OK for: @csstools/css-parser-algorithms@3.0.5 want: ^3.0.4
238 silly placeDep ROOT @csstools/css-color-parser@3.1.0 OK for: @asamuzakjp/css-color@4.1.1 want: ^3.1.0
239 silly placeDep node_modules/@asamuzakjp/css-color lru-cache@11.2.4 OK for: @asamuzakjp/css-color@4.1.1 want: ^11.2.4
240 silly fetch manifest @csstools/color-helpers@^5.1.0
241 silly packumentCache full:https://registry.npmjs.org/@csstools%2fcolor-helpers cache-miss
242 http fetch GET 200 https://registry.npmjs.org/@csstools%2fcolor-helpers 47ms (cache miss)
243 silly packumentCache full:https://registry.npmjs.org/@csstools%2fcolor-helpers set size:undefined disposed:false
244 silly placeDep ROOT @csstools/color-helpers@5.1.0 OK for: @csstools/css-color-parser@3.1.0 want: ^5.1.0
245 silly placeDep ROOT agent-base@7.1.4 OK for: http-proxy-agent@7.0.2 want: ^7.1.0
246 silly placeDep ROOT entities@6.0.1 OK for: parse5@8.0.0 want: ^6.0.0
247 silly placeDep ROOT @napi-rs/canvas@0.1.80 OK for: pdf-parse@2.4.5 want: 0.1.80
248 silly placeDep ROOT pdfjs-dist@5.4.296 OK for: pdf-parse@2.4.5 want: 5.4.296
249 silly fetch manifest @napi-rs/canvas-darwin-x64@0.1.80
250 silly packumentCache full:https://registry.npmjs.org/@napi-rs%2fcanvas-darwin-x64 cache-miss
251 silly fetch manifest @napi-rs/canvas-darwin-arm64@0.1.80
252 silly packumentCache full:https://registry.npmjs.org/@napi-rs%2fcanvas-darwin-arm64 cache-miss
253 silly fetch manifest @napi-rs/canvas-android-arm64@0.1.80
254 silly packumentCache full:https://registry.npmjs.org/@napi-rs%2fcanvas-android-arm64 cache-miss
255 silly fetch manifest @napi-rs/canvas-linux-x64-gnu@0.1.80
256 silly packumentCache full:https://registry.npmjs.org/@napi-rs%2fcanvas-linux-x64-gnu cache-miss
257 silly fetch manifest @napi-rs/canvas-linux-x64-musl@0.1.80
258 silly packumentCache full:https://registry.npmjs.org/@napi-rs%2fcanvas-linux-x64-musl cache-miss
259 silly fetch manifest @napi-rs/canvas-win32-x64-msvc@0.1.80
260 silly packumentCache full:https://registry.npmjs.org/@napi-rs%2fcanvas-win32-x64-msvc cache-miss
261 silly fetch manifest @napi-rs/canvas-linux-arm64-gnu@0.1.80
262 silly packumentCache full:https://registry.npmjs.org/@napi-rs%2fcanvas-linux-arm64-gnu cache-miss
263 silly fetch manifest @napi-rs/canvas-linux-arm64-musl@0.1.80
264 silly packumentCache full:https://registry.npmjs.org/@napi-rs%2fcanvas-linux-arm64-musl cache-miss
265 silly fetch manifest @napi-rs/canvas-linux-riscv64-gnu@0.1.80
266 silly packumentCache full:https://registry.npmjs.org/@napi-rs%2fcanvas-linux-riscv64-gnu cache-miss
267 silly fetch manifest @napi-rs/canvas-linux-arm-gnueabihf@0.1.80
268 silly packumentCache full:https://registry.npmjs.org/@napi-rs%2fcanvas-linux-arm-gnueabihf cache-miss
269 http fetch GET 200 https://registry.npmjs.org/@napi-rs%2fcanvas-linux-x64-musl 53ms (cache miss)
270 silly packumentCache full:https://registry.npmjs.org/@napi-rs%2fcanvas-linux-x64-musl set size:undefined disposed:false
271 http fetch GET 200 https://registry.npmjs.org/@napi-rs%2fcanvas-darwin-x64 58ms (cache miss)
272 silly packumentCache full:https://registry.npmjs.org/@napi-rs%2fcanvas-darwin-x64 set size:undefined disposed:false
273 http fetch GET 200 https://registry.npmjs.org/@napi-rs%2fcanvas-android-arm64 61ms (cache miss)
274 silly packumentCache full:https://registry.npmjs.org/@napi-rs%2fcanvas-android-arm64 set size:undefined disposed:false
275 http fetch GET 200 https://registry.npmjs.org/@napi-rs%2fcanvas-linux-arm64-gnu 66ms (cache miss)
276 silly packumentCache full:https://registry.npmjs.org/@napi-rs%2fcanvas-linux-arm64-gnu set size:undefined disposed:false
277 http fetch GET 200 https://registry.npmjs.org/@napi-rs%2fcanvas-win32-x64-msvc 67ms (cache miss)
278 silly packumentCache full:https://registry.npmjs.org/@napi-rs%2fcanvas-win32-x64-msvc set size:undefined disposed:false
279 http fetch GET 200 https://registry.npmjs.org/@napi-rs%2fcanvas-linux-arm64-musl 68ms (cache miss)
280 silly packumentCache full:https://registry.npmjs.org/@napi-rs%2fcanvas-linux-arm64-musl set size:undefined disposed:false
281 http fetch GET 200 https://registry.npmjs.org/@napi-rs%2fcanvas-linux-riscv64-gnu 72ms (cache miss)
282 silly packumentCache full:https://registry.npmjs.org/@napi-rs%2fcanvas-linux-riscv64-gnu set size:undefined disposed:false
283 http fetch GET 200 https://registry.npmjs.org/@napi-rs%2fcanvas-linux-arm-gnueabihf 73ms (cache miss)
284 silly packumentCache full:https://registry.npmjs.org/@napi-rs%2fcanvas-linux-arm-gnueabihf set size:undefined disposed:false
285 http fetch GET 200 https://registry.npmjs.org/@napi-rs%2fcanvas-linux-x64-gnu 74ms (cache miss)
286 silly packumentCache full:https://registry.npmjs.org/@napi-rs%2fcanvas-linux-x64-gnu set size:undefined disposed:false
287 http fetch GET 200 https://registry.npmjs.org/@napi-rs%2fcanvas-darwin-arm64 75ms (cache miss)
288 silly packumentCache full:https://registry.npmjs.org/@napi-rs%2fcanvas-darwin-arm64 set size:undefined disposed:false
289 silly placeDep ROOT @napi-rs/canvas-android-arm64@0.1.80 OK for: @napi-rs/canvas@0.1.80 want: 0.1.80
290 silly placeDep ROOT @napi-rs/canvas-darwin-arm64@0.1.80 OK for: @napi-rs/canvas@0.1.80 want: 0.1.80
291 silly placeDep ROOT @napi-rs/canvas-darwin-x64@0.1.80 OK for: @napi-rs/canvas@0.1.80 want: 0.1.80
292 silly placeDep ROOT @napi-rs/canvas-linux-arm-gnueabihf@0.1.80 OK for: @napi-rs/canvas@0.1.80 want: 0.1.80
293 silly placeDep ROOT @napi-rs/canvas-linux-arm64-gnu@0.1.80 OK for: @napi-rs/canvas@0.1.80 want: 0.1.80
294 silly placeDep ROOT @napi-rs/canvas-linux-arm64-musl@0.1.80 OK for: @napi-rs/canvas@0.1.80 want: 0.1.80
295 silly placeDep ROOT @napi-rs/canvas-linux-riscv64-gnu@0.1.80 OK for: @napi-rs/canvas@0.1.80 want: 0.1.80
296 silly placeDep ROOT @napi-rs/canvas-linux-x64-gnu@0.1.80 OK for: @napi-rs/canvas@0.1.80 want: 0.1.80
297 silly placeDep ROOT @napi-rs/canvas-linux-x64-musl@0.1.80 OK for: @napi-rs/canvas@0.1.80 want: 0.1.80
298 silly placeDep ROOT @napi-rs/canvas-win32-x64-msvc@0.1.80 OK for: @napi-rs/canvas@0.1.80 want: 0.1.80
299 silly placeDep ROOT xmlchars@2.2.0 OK for: saxes@6.0.0 want: ^2.2.0
300 silly placeDep ROOT tldts@7.0.19 OK for: tough-cookie@6.0.0 want: ^7.0.5
301 silly fetch manifest tldts-core@^7.0.19
302 silly packumentCache full:https://registry.npmjs.org/tldts-core cache-miss
303 http fetch GET 200 https://registry.npmjs.org/tldts-core 77ms (cache miss)
304 silly packumentCache full:https://registry.npmjs.org/tldts-core set size:undefined disposed:false
305 silly placeDep ROOT tldts-core@7.0.19 OK for: tldts@7.0.19 want: ^7.0.19
306 silly placeDep ROOT iconv-lite@0.6.3 OK for: whatwg-encoding@3.1.1 want: 0.6.3
307 silly fetch manifest safer-buffer@>= 2.1.2 < 3.0.0
308 silly packumentCache full:https://registry.npmjs.org/safer-buffer cache-miss
309 http fetch GET 200 https://registry.npmjs.org/safer-buffer 30ms (cache miss)
310 silly packumentCache full:https://registry.npmjs.org/safer-buffer set size:undefined disposed:false
311 silly placeDep ROOT safer-buffer@2.1.2 OK for: iconv-lite@0.6.3 want: >= 2.1.2 < 3.0.0
312 silly placeDep ROOT tr46@6.0.0 OK for: whatwg-url@15.1.0 want: ^6.0.0
313 silly reify moves {}
314 verbose reify failed optional dependency /Users/scott/repos/guitar/apps/web/node_modules/@tailwindcss/oxide-wasm32-wasi
315 silly reify mark deleted [
315 silly reify   '/Users/scott/repos/guitar/apps/web/node_modules/@tailwindcss/oxide-wasm32-wasi'
315 silly reify ]
316 silly audit bulk request {
316 silly audit   '@alloc/quick-lru': [ '5.2.0' ],
316 silly audit   '@babel/code-frame': [ '7.27.1' ],
316 silly audit   '@babel/compat-data': [ '7.28.5' ],
316 silly audit   '@babel/core': [ '7.28.5' ],
316 silly audit   '@babel/generator': [ '7.28.5' ],
316 silly audit   '@babel/helper-compilation-targets': [ '7.27.2' ],
316 silly audit   '@babel/helper-globals': [ '7.28.0' ],
316 silly audit   '@babel/helper-module-imports': [ '7.27.1' ],
316 silly audit   '@babel/helper-module-transforms': [ '7.28.3' ],
316 silly audit   '@babel/helper-string-parser': [ '7.27.1' ],
316 silly audit   '@babel/helper-validator-identifier': [ '7.28.5' ],
316 silly audit   '@babel/helper-validator-option': [ '7.27.1' ],
316 silly audit   '@babel/helpers': [ '7.28.4' ],
316 silly audit   '@babel/parser': [ '7.28.5' ],
316 silly audit   '@babel/template': [ '7.27.2' ],
316 silly audit   '@babel/traverse': [ '7.28.5' ],
316 silly audit   '@babel/types': [ '7.28.5' ],
316 silly audit   '@emnapi/core': [ '1.7.1' ],
316 silly audit   '@emnapi/runtime': [ '1.7.1' ],
316 silly audit   '@emnapi/wasi-threads': [ '1.1.0' ],
316 silly audit   '@eslint-community/eslint-utils': [ '4.9.1' ],
316 silly audit   'eslint-visitor-keys': [ '3.4.3', '4.2.1' ],
316 silly audit   '@eslint-community/regexpp': [ '4.12.2' ],
316 silly audit   '@eslint/config-array': [ '0.21.1' ],
316 silly audit   '@eslint/config-helpers': [ '0.4.2' ],
316 silly audit   '@eslint/core': [ '0.17.0' ],
316 silly audit   '@eslint/eslintrc': [ '3.3.3' ],
316 silly audit   '@eslint/js': [ '9.39.2' ],
316 silly audit   '@eslint/object-schema': [ '2.1.7' ],
316 silly audit   '@eslint/plugin-kit': [ '0.4.1' ],
316 silly audit   '@humanfs/core': [ '0.19.1' ],
316 silly audit   '@humanfs/node': [ '0.16.7' ],
316 silly audit   '@humanwhocodes/module-importer': [ '1.0.1' ],
316 silly audit   '@humanwhocodes/retry': [ '0.4.3' ],
316 silly audit   '@img/colour': [ '1.0.0' ],
316 silly audit   '@img/sharp-darwin-arm64': [ '0.34.5' ],
316 silly audit   '@img/sharp-darwin-x64': [ '0.34.5' ],
316 silly audit   '@img/sharp-libvips-darwin-arm64': [ '1.2.4' ],
316 silly audit   '@img/sharp-libvips-darwin-x64': [ '1.2.4' ],
316 silly audit   '@img/sharp-libvips-linux-arm': [ '1.2.4' ],
316 silly audit   '@img/sharp-libvips-linux-arm64': [ '1.2.4' ],
316 silly audit   '@img/sharp-libvips-linux-ppc64': [ '1.2.4' ],
316 silly audit   '@img/sharp-libvips-linux-riscv64': [ '1.2.4' ],
316 silly audit   '@img/sharp-libvips-linux-s390x': [ '1.2.4' ],
316 silly audit   '@img/sharp-libvips-linux-x64': [ '1.2.4' ],
316 silly audit   '@img/sharp-libvips-linuxmusl-arm64': [ '1.2.4' ],
316 silly audit   '@img/sharp-libvips-linuxmusl-x64': [ '1.2.4' ],
316 silly audit   '@img/sharp-linux-arm': [ '0.34.5' ],
316 silly audit   '@img/sharp-linux-arm64': [ '0.34.5' ],
316 silly audit   '@img/sharp-linux-ppc64': [ '0.34.5' ],
316 silly audit   '@img/sharp-linux-riscv64': [ '0.34.5' ],
316 silly audit   '@img/sharp-linux-s390x': [ '0.34.5' ],
316 silly audit   '@img/sharp-linux-x64': [ '0.34.5' ],
316 silly audit   '@img/sharp-linuxmusl-arm64': [ '0.34.5' ],
316 silly audit   '@img/sharp-linuxmusl-x64': [ '0.34.5' ],
316 silly audit   '@img/sharp-wasm32': [ '0.34.5' ],
316 silly audit   '@img/sharp-win32-arm64': [ '0.34.5' ],
316 silly audit   '@img/sharp-win32-ia32': [ '0.34.5' ],
316 silly audit   '@img/sharp-win32-x64': [ '0.34.5' ],
316 silly audit   '@jridgewell/gen-mapping': [ '0.3.13' ],
316 silly audit   '@jridgewell/remapping': [ '2.3.5' ],
316 silly audit   '@jridgewell/resolve-uri': [ '3.1.2' ],
316 silly audit   '@jridgewell/sourcemap-codec': [ '1.5.5' ],
316 silly audit   '@jridgewell/trace-mapping': [ '0.3.31' ],
316 silly audit   '@napi-rs/wasm-runtime': [ '0.2.12' ],
316 silly audit   '@next/env': [ '16.1.1' ],
316 silly audit   '@next/eslint-plugin-next': [ '16.1.1' ],
316 silly audit   '@next/swc-darwin-arm64': [ '16.1.1' ],
316 silly audit   '@next/swc-darwin-x64': [ '16.1.1' ],
316 silly audit   '@next/swc-linux-arm64-gnu': [ '16.1.1' ],
316 silly audit   '@next/swc-linux-arm64-musl': [ '16.1.1' ],
316 silly audit   '@next/swc-linux-x64-gnu': [ '16.1.1' ],
316 silly audit   '@next/swc-linux-x64-musl': [ '16.1.1' ],
316 silly audit   '@next/swc-win32-arm64-msvc': [ '16.1.1' ],
316 silly audit   '@next/swc-win32-x64-msvc': [ '16.1.1' ],
316 silly audit   '@nodelib/fs.scandir': [ '2.1.5' ],
316 silly audit   '@nodelib/fs.stat': [ '2.0.5' ],
316 silly audit   '@nodelib/fs.walk': [ '1.2.8' ],
316 silly audit   '@nolyfill/is-core-module': [ '1.0.39' ],
316 silly audit   '@rtsao/scc': [ '1.1.0' ],
316 silly audit   '@supabase/auth-js': [ '2.89.0' ],
316 silly audit   '@supabase/functions-js': [ '2.89.0' ],
316 silly audit   '@supabase/postgrest-js': [ '2.89.0' ],
316 silly audit   '@supabase/realtime-js': [ '2.89.0' ],
316 silly audit   '@supabase/ssr': [ '0.8.0' ],
316 silly audit   '@supabase/storage-js': [ '2.89.0' ],
316 silly audit   '@supabase/supabase-js': [ '2.89.0' ],
316 silly audit   '@swc/helpers': [ '0.5.15' ],
316 silly audit   '@tailwindcss/node': [ '4.1.18' ],
316 silly audit   '@tailwindcss/oxide': [ '4.1.18' ],
316 silly audit   '@tailwindcss/oxide-android-arm64': [ '4.1.18' ],
316 silly audit   '@tailwindcss/oxide-darwin-arm64': [ '4.1.18' ],
316 silly audit   '@tailwindcss/oxide-darwin-x64': [ '4.1.18' ],
316 silly audit   '@tailwindcss/oxide-freebsd-x64': [ '4.1.18' ],
316 silly audit   '@tailwindcss/oxide-linux-arm-gnueabihf': [ '4.1.18' ],
316 silly audit   '@tailwindcss/oxide-linux-arm64-gnu': [ '4.1.18' ],
316 silly audit   '@tailwindcss/oxide-linux-arm64-musl': [ '4.1.18' ],
316 silly audit   '@tailwindcss/oxide-linux-x64-gnu': [ '4.1.18' ],
316 silly audit   '@tailwindcss/oxide-linux-x64-musl': [ '4.1.18' ],
316 silly audit   '@tailwindcss/oxide-win32-arm64-msvc': [ '4.1.18' ],
316 silly audit   '@tailwindcss/oxide-win32-x64-msvc': [ '4.1.18' ],
316 silly audit   '@tailwindcss/postcss': [ '4.1.18' ],
316 silly audit   '@tybys/wasm-util': [ '0.10.1' ],
316 silly audit   '@types/estree': [ '1.0.8' ],
316 silly audit   '@types/json-schema': [ '7.0.15' ],
316 silly audit   '@types/json5': [ '0.0.29' ],
316 silly audit   '@types/node': [ '20.19.27' ],
316 silly audit   '@types/phoenix': [ '1.6.7' ],
316 silly audit   '@types/react': [ '19.2.7' ],
316 silly audit   '@types/react-dom': [ '19.2.3' ],
316 silly audit   '@types/ws': [ '8.18.1' ],
316 silly audit   '@typescript-eslint/eslint-plugin': [ '8.51.0' ],
316 silly audit   ignore: [ '7.0.5', '5.3.2' ],
316 silly audit   '@typescript-eslint/parser': [ '8.51.0' ],
316 silly audit   '@typescript-eslint/project-service': [ '8.51.0' ],
316 silly audit   '@typescript-eslint/scope-manager': [ '8.51.0' ],
316 silly audit   '@typescript-eslint/tsconfig-utils': [ '8.51.0' ],
316 silly audit   '@typescript-eslint/type-utils': [ '8.51.0' ],
316 silly audit   '@typescript-eslint/types': [ '8.51.0' ],
316 silly audit   '@typescript-eslint/typescript-estree': [ '8.51.0' ],
316 silly audit   'brace-expansion': [ '2.0.2', '1.1.12' ],
316 silly audit   minimatch: [ '9.0.5', '3.1.2' ],
316 silly audit   semver: [ '7.7.3', '6.3.1' ],
316 silly audit   '@typescript-eslint/utils': [ '8.51.0' ],
316 silly audit   '@typescript-eslint/visitor-keys': [ '8.51.0' ],
316 silly audit   '@unrs/resolver-binding-android-arm-eabi': [ '1.11.1' ],
316 silly audit   '@unrs/resolver-binding-android-arm64': [ '1.11.1' ],
316 silly audit   '@unrs/resolver-binding-darwin-arm64': [ '1.11.1' ],
316 silly audit   '@unrs/resolver-binding-darwin-x64': [ '1.11.1' ],
316 silly audit   '@unrs/resolver-binding-freebsd-x64': [ '1.11.1' ],
316 silly audit   '@unrs/resolver-binding-linux-arm-gnueabihf': [ '1.11.1' ],
316 silly audit   '@unrs/resolver-binding-linux-arm-musleabihf': [ '1.11.1' ],
316 silly audit   '@unrs/resolver-binding-linux-arm64-gnu': [ '1.11.1' ],
316 silly audit   '@unrs/resolver-binding-linux-arm64-musl': [ '1.11.1' ],
316 silly audit   '@unrs/resolver-binding-linux-ppc64-gnu': [ '1.11.1' ],
316 silly audit   '@unrs/resolver-binding-linux-riscv64-gnu': [ '1.11.1' ],
316 silly audit   '@unrs/resolver-binding-linux-riscv64-musl': [ '1.11.1' ],
316 silly audit   '@unrs/resolver-binding-linux-s390x-gnu': [ '1.11.1' ],
316 silly audit   '@unrs/resolver-binding-linux-x64-gnu': [ '1.11.1' ],
316 silly audit   '@unrs/resolver-binding-linux-x64-musl': [ '1.11.1' ],
316 silly audit   '@unrs/resolver-binding-wasm32-wasi': [ '1.11.1' ],
316 silly audit   '@unrs/resolver-binding-win32-arm64-msvc': [ '1.11.1' ],
316 silly audit   '@unrs/resolver-binding-win32-ia32-msvc': [ '1.11.1' ],
316 silly audit   '@unrs/resolver-binding-win32-x64-msvc': [ '1.11.1' ],
316 silly audit   acorn: [ '8.15.0' ],
316 silly audit   'acorn-jsx': [ '5.3.2' ],
316 silly audit   ajv: [ '6.12.6' ],
316 silly audit   'ansi-styles': [ '4.3.0' ],
316 silly audit   argparse: [ '2.0.1' ],
316 silly audit   'aria-query': [ '5.3.2' ],
316 silly audit   'array-buffer-byte-length': [ '1.0.2' ],
316 silly audit   'array-includes': [ '3.1.9' ],
316 silly audit   'array.prototype.findlast': [ '1.2.5' ],
316 silly audit   'array.prototype.findlastindex': [ '1.2.6' ],
316 silly audit   'array.prototype.flat': [ '1.3.3' ],
316 silly audit   'array.prototype.flatmap': [ '1.3.3' ],
316 silly audit   'array.prototype.tosorted': [ '1.1.4' ],
316 silly audit   'arraybuffer.prototype.slice': [ '1.0.4' ],
316 silly audit   'ast-types-flow': [ '0.0.8' ],
316 silly audit   'async-function': [ '1.0.0' ],
316 silly audit   'available-typed-arrays': [ '1.0.7' ],
316 silly audit   'axe-core': [ '4.11.0' ],
316 silly audit   'axobject-query': [ '4.1.0' ],
316 silly audit   'balanced-match': [ '1.0.2' ],
316 silly audit   'baseline-browser-mapping': [ '2.9.11' ],
316 silly audit   braces: [ '3.0.3' ],
316 silly audit   browserslist: [ '4.28.1' ],
316 silly audit   'call-bind': [ '1.0.8' ],
316 silly audit   'call-bind-apply-helpers': [ '1.0.2' ],
316 silly audit   'call-bound': [ '1.0.4' ],
316 silly audit   callsites: [ '3.1.0' ],
316 silly audit   'caniuse-lite': [ '1.0.30001762' ],
316 silly audit   chalk: [ '4.1.2' ],
316 silly audit   'client-only': [ '0.0.1' ],
316 silly audit   'color-convert': [ '2.0.1' ],
316 silly audit   'color-name': [ '1.1.4' ],
316 silly audit   'concat-map': [ '0.0.1' ],
316 silly audit   'convert-source-map': [ '2.0.0' ],
316 silly audit   cookie: [ '1.1.1' ],
316 silly audit   'cross-spawn': [ '7.0.6' ],
316 silly audit   csstype: [ '3.2.3' ],
316 silly audit   'damerau-levenshtein': [ '1.0.8' ],
316 silly audit   'data-view-buffer': [ '1.0.2' ],
316 silly audit   'data-view-byte-length': [ '1.0.2' ],
316 silly audit   'data-view-byte-offset': [ '1.0.1' ],
316 silly audit   debug: [ '4.4.3', '3.2.7' ],
316 silly audit   'deep-is': [ '0.1.4' ],
316 silly audit   'define-data-property': [ '1.1.4' ],
316 silly audit   'define-properties': [ '1.2.1' ],
316 silly audit   'detect-libc': [ '2.1.2' ],
316 silly audit   doctrine: [ '2.1.0' ],
316 silly audit   'dunder-proto': [ '1.0.1' ],
316 silly audit   'electron-to-chromium': [ '1.5.267' ],
316 silly audit   'emoji-regex': [ '9.2.2' ],
316 silly audit   'enhanced-resolve': [ '5.18.4' ],
316 silly audit   'es-abstract': [ '1.24.1' ],
316 silly audit   'es-define-property': [ '1.0.1' ],
316 silly audit   'es-errors': [ '1.3.0' ],
316 silly audit   'es-iterator-helpers': [ '1.2.2' ],
316 silly audit   'es-object-atoms': [ '1.1.1' ],
316 silly audit   'es-set-tostringtag': [ '2.1.0' ],
316 silly audit   'es-shim-unscopables': [ '1.1.0' ],
316 silly audit   'es-to-primitive': [ '1.3.0' ],
316 silly audit   escalade: [ '3.2.0' ],
316 silly audit   'escape-string-regexp': [ '4.0.0' ],
316 silly audit   eslint: [ '9.39.2' ],
316 silly audit   'eslint-config-next': [ '16.1.1' ],
316 silly audit   globals: [ '16.4.0', '14.0.0' ],
316 silly audit   'eslint-import-resolver-node': [ '0.3.9' ],
316 silly audit   'eslint-import-resolver-typescript': [ '3.10.1' ],
316 silly audit   'eslint-module-utils': [ '2.12.1' ],
316 silly audit   'eslint-plugin-import': [ '2.32.0' ],
316 silly audit   'eslint-plugin-jsx-a11y': [ '6.10.2' ],
316 silly audit   'eslint-plugin-react': [ '7.37.5' ],
316 silly audit   'eslint-plugin-react-hooks': [ '7.0.1' ],
316 silly audit   resolve: [ '2.0.0-next.5', '1.22.11' ],
316 silly audit   'eslint-scope': [ '8.4.0' ],
316 silly audit   espree: [ '10.4.0' ],
316 silly audit   esquery: [ '1.7.0' ],
316 silly audit   esrecurse: [ '4.3.0' ],
316 silly audit   estraverse: [ '5.3.0' ],
316 silly audit   esutils: [ '2.0.3' ],
316 silly audit   'fast-deep-equal': [ '3.1.3' ],
316 silly audit   'fast-glob': [ '3.3.1' ],
316 silly audit   'glob-parent': [ '5.1.2', '6.0.2' ],
316 silly audit   'fast-json-stable-stringify': [ '2.1.0' ],
316 silly audit   'fast-levenshtein': [ '2.0.6' ],
316 silly audit   fastq: [ '1.20.1' ],
316 silly audit   'file-entry-cache': [ '8.0.0' ],
316 silly audit   'fill-range': [ '7.1.1' ],
316 silly audit   'find-up': [ '5.0.0' ],
316 silly audit   'flat-cache': [ '4.0.1' ],
316 silly audit   flatted: [ '3.3.3' ],
316 silly audit   'for-each': [ '0.3.5' ],
316 silly audit   'function-bind': [ '1.1.2' ],
316 silly audit   'function.prototype.name': [ '1.1.8' ],
316 silly audit   'functions-have-names': [ '1.2.3' ],
316 silly audit   'generator-function': [ '2.0.1' ],
316 silly audit   gensync: [ '1.0.0-beta.2' ],
316 silly audit   'get-intrinsic': [ '1.3.0' ],
316 silly audit   'get-proto': [ '1.0.1' ],
316 silly audit   'get-symbol-description': [ '1.1.0' ],
316 silly audit   'get-tsconfig': [ '4.13.0' ],
316 silly audit   globalthis: [ '1.0.4' ],
316 silly audit   gopd: [ '1.2.0' ],
316 silly audit   'graceful-fs': [ '4.2.11' ],
316 silly audit   'has-bigints': [ '1.1.0' ],
316 silly audit   'has-flag': [ '4.0.0' ],
316 silly audit   'has-property-descriptors': [ '1.0.2' ],
316 silly audit   'has-proto': [ '1.2.0' ],
316 silly audit   'has-symbols': [ '1.1.0' ],
316 silly audit   'has-tostringtag': [ '1.0.2' ],
316 silly audit   hasown: [ '2.0.2' ],
316 silly audit   'hermes-estree': [ '0.25.1' ],
316 silly audit   'hermes-parser': [ '0.25.1' ],
316 silly audit   'iceberg-js': [ '0.8.1' ],
316 silly audit   'import-fresh': [ '3.3.1' ],
316 silly audit   imurmurhash: [ '0.1.4' ],
316 silly audit   'internal-slot': [ '1.1.0' ],
316 silly audit   'is-array-buffer': [ '3.0.5' ],
316 silly audit   'is-async-function': [ '2.1.1' ],
316 silly audit   'is-bigint': [ '1.1.0' ],
316 silly audit   'is-boolean-object': [ '1.2.2' ],
316 silly audit   'is-bun-module': [ '2.0.0' ],
316 silly audit   'is-callable': [ '1.2.7' ],
316 silly audit   'is-core-module': [ '2.16.1' ],
316 silly audit   'is-data-view': [ '1.0.2' ],
316 silly audit   'is-date-object': [ '1.1.0' ],
316 silly audit   'is-extglob': [ '2.1.1' ],
316 silly audit   'is-finalizationregistry': [ '1.1.1' ],
316 silly audit   'is-generator-function': [ '1.1.2' ],
316 silly audit   'is-glob': [ '4.0.3' ],
316 silly audit   'is-map': [ '2.0.3' ],
316 silly audit   'is-negative-zero': [ '2.0.3' ],
316 silly audit   'is-number': [ '7.0.0' ],
316 silly audit   'is-number-object': [ '1.1.1' ],
316 silly audit   'is-regex': [ '1.2.1' ],
316 silly audit   'is-set': [ '2.0.3' ],
316 silly audit   'is-shared-array-buffer': [ '1.0.4' ],
316 silly audit   'is-string': [ '1.1.1' ],
316 silly audit   'is-symbol': [ '1.1.1' ],
316 silly audit   'is-typed-array': [ '1.1.15' ],
316 silly audit   'is-weakmap': [ '2.0.2' ],
316 silly audit   'is-weakref': [ '1.1.1' ],
316 silly audit   'is-weakset': [ '2.0.4' ],
316 silly audit   isarray: [ '2.0.5' ],
316 silly audit   isexe: [ '2.0.0' ],
316 silly audit   'iterator.prototype': [ '1.1.5' ],
316 silly audit   jiti: [ '2.6.1' ],
316 silly audit   'js-tokens': [ '4.0.0' ],
316 silly audit   'js-yaml': [ '4.1.1' ],
316 silly audit   jsesc: [ '3.1.0' ],
316 silly audit   'json-buffer': [ '3.0.1' ],
316 silly audit   'json-schema-traverse': [ '0.4.1' ],
316 silly audit   'json-stable-stringify-without-jsonify': [ '1.0.1' ],
316 silly audit   json5: [ '2.2.3', '1.0.2' ],
316 silly audit   'jsx-ast-utils': [ '3.3.5' ],
316 silly audit   keyv: [ '4.5.4' ],
316 silly audit   'language-subtag-registry': [ '0.3.23' ],
316 silly audit   'language-tags': [ '1.0.9' ],
316 silly audit   levn: [ '0.4.1' ],
316 silly audit   lightningcss: [ '1.30.2' ],
316 silly audit   'lightningcss-android-arm64': [ '1.30.2' ],
316 silly audit   'lightningcss-darwin-arm64': [ '1.30.2' ],
316 silly audit   'lightningcss-darwin-x64': [ '1.30.2' ],
316 silly audit   'lightningcss-freebsd-x64': [ '1.30.2' ],
316 silly audit   'lightningcss-linux-arm-gnueabihf': [ '1.30.2' ],
316 silly audit   'lightningcss-linux-arm64-gnu': [ '1.30.2' ],
316 silly audit   'lightningcss-linux-arm64-musl': [ '1.30.2' ],
316 silly audit   'lightningcss-linux-x64-gnu': [ '1.30.2' ],
316 silly audit   'lightningcss-linux-x64-musl': [ '1.30.2' ],
316 silly audit   'lightningcss-win32-arm64-msvc': [ '1.30.2' ],
316 silly audit   'lightningcss-win32-x64-msvc': [ '1.30.2' ],
316 silly audit   'locate-path': [ '6.0.0' ],
316 silly audit   'lodash.merge': [ '4.6.2' ],
316 silly audit   'loose-envify': [ '1.4.0' ],
316 silly audit   'lru-cache': [ '5.1.1', '11.2.4' ],
316 silly audit   'magic-string': [ '0.30.21' ],
316 silly audit   'math-intrinsics': [ '1.1.0' ],
316 silly audit   merge2: [ '1.4.1' ],
316 silly audit   micromatch: [ '4.0.8' ],
316 silly audit   minimist: [ '1.2.8' ],
316 silly audit   ms: [ '2.1.3' ],
316 silly audit   nanoid: [ '3.3.11' ],
316 silly audit   'napi-postinstall': [ '0.3.4' ],
316 silly audit   'natural-compare': [ '1.4.0' ],
316 silly audit   next: [ '16.1.1' ],
316 silly audit   postcss: [ '8.4.31', '8.5.6' ],
316 silly audit   'node-releases': [ '2.0.27' ],
316 silly audit   'object-assign': [ '4.1.1' ],
316 silly audit   'object-inspect': [ '1.13.4' ],
316 silly audit   'object-keys': [ '1.1.1' ],
316 silly audit   'object.assign': [ '4.1.7' ],
316 silly audit   'object.entries': [ '1.1.9' ],
316 silly audit   'object.fromentries': [ '2.0.8' ],
316 silly audit   'object.groupby': [ '1.0.3' ],
316 silly audit   'object.values': [ '1.2.1' ],
316 silly audit   optionator: [ '0.9.4' ],
316 silly audit   'own-keys': [ '1.0.1' ],
316 silly audit   'p-limit': [ '3.1.0' ],
316 silly audit   'p-locate': [ '5.0.0' ],
316 silly audit   'parent-module': [ '1.0.1' ],
316 silly audit   'path-exists': [ '4.0.0' ],
316 silly audit   'path-key': [ '3.1.1' ],
316 silly audit   'path-parse': [ '1.0.7' ],
316 silly audit   picocolors: [ '1.1.1' ],
316 silly audit   picomatch: [ '2.3.1', '4.0.3' ],
316 silly audit   'possible-typed-array-names': [ '1.1.0' ],
316 silly audit   'prelude-ls': [ '1.2.1' ],
316 silly audit   'prop-types': [ '15.8.1' ],
316 silly audit   punycode: [ '2.3.1' ],
316 silly audit   'queue-microtask': [ '1.2.3' ],
316 silly audit   react: [ '19.2.3' ],
316 silly audit   'react-dom': [ '19.2.3' ],
316 silly audit   'react-is': [ '16.13.1' ],
316 silly audit   'reflect.getprototypeof': [ '1.0.10' ],
316 silly audit   'regexp.prototype.flags': [ '1.5.4' ],
316 silly audit   'resolve-from': [ '4.0.0' ],
316 silly audit   'resolve-pkg-maps': [ '1.0.0' ],
316 silly audit   reusify: [ '1.1.0' ],
316 silly audit   'run-parallel': [ '1.2.0' ],
316 silly audit   'safe-array-concat': [ '1.1.3' ],
316 silly audit   'safe-push-apply': [ '1.0.0' ],
316 silly audit   'safe-regex-test': [ '1.1.0' ],
316 silly audit   scheduler: [ '0.27.0' ],
316 silly audit   'set-function-length': [ '1.2.2' ],
316 silly audit   'set-function-name': [ '2.0.2' ],
316 silly audit   'set-proto': [ '1.0.0' ],
316 silly audit   sharp: [ '0.34.5' ],
316 silly audit   'shebang-command': [ '2.0.0' ],
316 silly audit   'shebang-regex': [ '3.0.0' ],
316 silly audit   'side-channel': [ '1.1.0' ],
316 silly audit   'side-channel-list': [ '1.0.0' ],
316 silly audit   'side-channel-map': [ '1.0.1' ],
316 silly audit   'side-channel-weakmap': [ '1.0.2' ],
316 silly audit   'source-map-js': [ '1.2.1' ],
316 silly audit   'stable-hash': [ '0.0.5' ],
316 silly audit   'stop-iteration-iterator': [ '1.1.0' ],
316 silly audit   'string.prototype.includes': [ '2.0.1' ],
316 silly audit   'string.prototype.matchall': [ '4.0.12' ],
316 silly audit   'string.prototype.repeat': [ '1.0.0' ],
316 silly audit   'string.prototype.trim': [ '1.2.10' ],
316 silly audit   'string.prototype.trimend': [ '1.0.9' ],
316 silly audit   'string.prototype.trimstart': [ '1.0.8' ],
316 silly audit   'strip-bom': [ '3.0.0' ],
316 silly audit   'strip-json-comments': [ '3.1.1' ],
316 silly audit   'styled-jsx': [ '5.1.6' ],
316 silly audit   'supports-color': [ '7.2.0' ],
316 silly audit   'supports-preserve-symlinks-flag': [ '1.0.0' ],
316 silly audit   tailwindcss: [ '4.1.18' ],
316 silly audit   tapable: [ '2.3.0' ],
316 silly audit   tinyglobby: [ '0.2.15' ],
316 silly audit   fdir: [ '6.5.0' ],
316 silly audit   'to-regex-range': [ '5.0.1' ],
316 silly audit   'ts-api-utils': [ '2.3.0' ],
316 silly audit   'tsconfig-paths': [ '3.15.0' ],
316 silly audit   tslib: [ '2.8.1' ],
316 silly audit   'type-check': [ '0.4.0' ],
316 silly audit   'typed-array-buffer': [ '1.0.3' ],
316 silly audit   'typed-array-byte-length': [ '1.0.3' ],
316 silly audit   'typed-array-byte-offset': [ '1.0.4' ],
316 silly audit   'typed-array-length': [ '1.0.7' ],
316 silly audit   typescript: [ '5.9.3' ],
316 silly audit   'typescript-eslint': [ '8.51.0' ],
316 silly audit   'unbox-primitive': [ '1.1.0' ],
316 silly audit   'undici-types': [ '6.21.0' ],
316 silly audit   'unrs-resolver': [ '1.11.1' ],
316 silly audit   'update-browserslist-db': [ '1.2.3' ],
316 silly audit   'uri-js': [ '4.4.1' ],
316 silly audit   which: [ '2.0.2' ],
316 silly audit   'which-boxed-primitive': [ '1.1.1' ],
316 silly audit   'which-builtin-type': [ '1.2.1' ],
316 silly audit   'which-collection': [ '1.0.2' ],
316 silly audit   'which-typed-array': [ '1.1.19' ],
316 silly audit   'word-wrap': [ '1.2.5' ],
316 silly audit   ws: [ '8.18.3' ],
316 silly audit   yallist: [ '3.1.1' ],
316 silly audit   'yocto-queue': [ '0.1.0' ],
316 silly audit   zod: [ '4.3.4' ],
316 silly audit   'zod-validation-error': [ '4.0.2' ],
316 silly audit   '@mozilla/readability': [ '0.6.0' ],
316 silly audit   jsdom: [ '27.0.1' ],
316 silly audit   'pdf-parse': [ '2.4.5' ],
316 silly audit   '@asamuzakjp/dom-selector': [ '6.7.6' ],
316 silly audit   cssstyle: [ '5.3.6' ],
316 silly audit   'data-urls': [ '6.0.0' ],
316 silly audit   'decimal.js': [ '10.6.0' ],
316 silly audit   'html-encoding-sniffer': [ '4.0.0' ],
316 silly audit   'http-proxy-agent': [ '7.0.2' ],
316 silly audit   'https-proxy-agent': [ '7.0.6' ],
316 silly audit   'is-potential-custom-element-name': [ '1.0.1' ],
316 silly audit   parse5: [ '8.0.0' ],
316 silly audit   'rrweb-cssom': [ '0.8.0' ],
316 silly audit   saxes: [ '6.0.0' ],
316 silly audit   'symbol-tree': [ '3.2.4' ],
316 silly audit   'tough-cookie': [ '6.0.0' ],
316 silly audit   'w3c-xmlserializer': [ '5.0.0' ],
316 silly audit   'webidl-conversions': [ '8.0.0' ],
316 silly audit   'whatwg-encoding': [ '3.1.1' ],
316 silly audit   'whatwg-mimetype': [ '4.0.0' ],
316 silly audit   'whatwg-url': [ '15.1.0' ],
316 silly audit   'xml-name-validator': [ '5.0.0' ],
316 silly audit   '@asamuzakjp/nwsapi': [ '2.3.9' ],
316 silly audit   'bidi-js': [ '1.0.3' ],
316 silly audit   'css-tree': [ '3.1.0' ],
316 silly audit   'require-from-string': [ '2.0.2' ],
316 silly audit   'mdn-data': [ '2.12.2' ],
316 silly audit   '@asamuzakjp/css-color': [ '4.1.1' ],
316 silly audit   '@csstools/css-syntax-patches-for-csstree': [ '1.0.22' ],
316 silly audit   '@csstools/css-calc': [ '2.1.4' ],
316 silly audit   '@csstools/css-parser-algorithms': [ '3.0.5' ],
316 silly audit   '@csstools/css-tokenizer': [ '3.0.4' ],
316 silly audit   '@csstools/css-color-parser': [ '3.1.0' ],
316 silly audit   '@csstools/color-helpers': [ '5.1.0' ],
316 silly audit   'agent-base': [ '7.1.4' ],
316 silly audit   entities: [ '6.0.1' ],
316 silly audit   '@napi-rs/canvas': [ '0.1.80' ],
316 silly audit   'pdfjs-dist': [ '5.4.296' ],
316 silly audit   '@napi-rs/canvas-android-arm64': [ '0.1.80' ],
316 silly audit   '@napi-rs/canvas-darwin-arm64': [ '0.1.80' ],
316 silly audit   '@napi-rs/canvas-darwin-x64': [ '0.1.80' ],
316 silly audit   '@napi-rs/canvas-linux-arm-gnueabihf': [ '0.1.80' ],
316 silly audit   '@napi-rs/canvas-linux-arm64-gnu': [ '0.1.80' ],
316 silly audit   '@napi-rs/canvas-linux-arm64-musl': [ '0.1.80' ],
316 silly audit   '@napi-rs/canvas-linux-riscv64-gnu': [ '0.1.80' ],
316 silly audit   '@napi-rs/canvas-linux-x64-gnu': [ '0.1.80' ],
316 silly audit   '@napi-rs/canvas-linux-x64-musl': [ '0.1.80' ],
316 silly audit   '@napi-rs/canvas-win32-x64-msvc': [ '0.1.80' ],
316 silly audit   xmlchars: [ '2.2.0' ],
316 silly audit   tldts: [ '7.0.19' ],
316 silly audit   'tldts-core': [ '7.0.19' ],
316 silly audit   'iconv-lite': [ '0.6.3' ],
316 silly audit   'safer-buffer': [ '2.1.2' ],
316 silly audit   tr46: [ '6.0.0' ],
316 silly audit   '@tailwindcss/oxide-wasm32-wasi': [ '4.1.18' ]
316 silly audit }
317 verbose reify failed optional dependency /Users/scott/repos/guitar/apps/web/node_modules/@napi-rs/canvas-win32-x64-msvc
318 silly reify mark deleted [
318 silly reify   '/Users/scott/repos/guitar/apps/web/node_modules/@napi-rs/canvas-win32-x64-msvc'
318 silly reify ]
319 verbose reify failed optional dependency /Users/scott/repos/guitar/apps/web/node_modules/@napi-rs/canvas-linux-x64-musl
320 silly reify mark deleted [
320 silly reify   '/Users/scott/repos/guitar/apps/web/node_modules/@napi-rs/canvas-linux-x64-musl'
320 silly reify ]
321 verbose reify failed optional dependency /Users/scott/repos/guitar/apps/web/node_modules/@napi-rs/canvas-linux-x64-gnu
322 silly reify mark deleted [
322 silly reify   '/Users/scott/repos/guitar/apps/web/node_modules/@napi-rs/canvas-linux-x64-gnu'
322 silly reify ]
323 verbose reify failed optional dependency /Users/scott/repos/guitar/apps/web/node_modules/@napi-rs/canvas-linux-riscv64-gnu
324 silly reify mark deleted [
324 silly reify   '/Users/scott/repos/guitar/apps/web/node_modules/@napi-rs/canvas-linux-riscv64-gnu'
324 silly reify ]
325 verbose reify failed optional dependency /Users/scott/repos/guitar/apps/web/node_modules/@napi-rs/canvas-linux-arm64-musl
326 silly reify mark deleted [
326 silly reify   '/Users/scott/repos/guitar/apps/web/node_modules/@napi-rs/canvas-linux-arm64-musl'
326 silly reify ]
327 verbose reify failed optional dependency /Users/scott/repos/guitar/apps/web/node_modules/@napi-rs/canvas-linux-arm64-gnu
328 silly reify mark deleted [
328 silly reify   '/Users/scott/repos/guitar/apps/web/node_modules/@napi-rs/canvas-linux-arm64-gnu'
328 silly reify ]
329 verbose reify failed optional dependency /Users/scott/repos/guitar/apps/web/node_modules/@napi-rs/canvas-linux-arm-gnueabihf
330 silly reify mark deleted [
330 silly reify   '/Users/scott/repos/guitar/apps/web/node_modules/@napi-rs/canvas-linux-arm-gnueabihf'
330 silly reify ]
331 verbose reify failed optional dependency /Users/scott/repos/guitar/apps/web/node_modules/@napi-rs/canvas-darwin-x64
332 silly reify mark deleted [
332 silly reify   '/Users/scott/repos/guitar/apps/web/node_modules/@napi-rs/canvas-darwin-x64'
332 silly reify ]
333 verbose reify failed optional dependency /Users/scott/repos/guitar/apps/web/node_modules/@napi-rs/canvas-android-arm64
334 silly reify mark deleted [
334 silly reify   '/Users/scott/repos/guitar/apps/web/node_modules/@napi-rs/canvas-android-arm64'
334 silly reify ]
335 verbose reify failed optional dependency /Users/scott/repos/guitar/apps/web/node_modules/lightningcss-win32-x64-msvc
336 silly reify mark deleted [
336 silly reify   '/Users/scott/repos/guitar/apps/web/node_modules/lightningcss-win32-x64-msvc'
336 silly reify ]
337 verbose reify failed optional dependency /Users/scott/repos/guitar/apps/web/node_modules/lightningcss-win32-arm64-msvc
338 silly reify mark deleted [
338 silly reify   '/Users/scott/repos/guitar/apps/web/node_modules/lightningcss-win32-arm64-msvc'
338 silly reify ]
339 verbose reify failed optional dependency /Users/scott/repos/guitar/apps/web/node_modules/lightningcss-linux-x64-musl
340 silly reify mark deleted [
340 silly reify   '/Users/scott/repos/guitar/apps/web/node_modules/lightningcss-linux-x64-musl'
340 silly reify ]
341 verbose reify failed optional dependency /Users/scott/repos/guitar/apps/web/node_modules/lightningcss-linux-x64-gnu
342 silly reify mark deleted [
342 silly reify   '/Users/scott/repos/guitar/apps/web/node_modules/lightningcss-linux-x64-gnu'
342 silly reify ]
343 verbose reify failed optional dependency /Users/scott/repos/guitar/apps/web/node_modules/lightningcss-linux-arm64-musl
344 silly reify mark deleted [
344 silly reify   '/Users/scott/repos/guitar/apps/web/node_modules/lightningcss-linux-arm64-musl'
344 silly reify ]
345 verbose reify failed optional dependency /Users/scott/repos/guitar/apps/web/node_modules/lightningcss-linux-arm64-gnu
346 silly reify mark deleted [
346 silly reify   '/Users/scott/repos/guitar/apps/web/node_modules/lightningcss-linux-arm64-gnu'
346 silly reify ]
347 verbose reify failed optional dependency /Users/scott/repos/guitar/apps/web/node_modules/lightningcss-linux-arm-gnueabihf
348 silly reify mark deleted [
348 silly reify   '/Users/scott/repos/guitar/apps/web/node_modules/lightningcss-linux-arm-gnueabihf'
348 silly reify ]
349 verbose reify failed optional dependency /Users/scott/repos/guitar/apps/web/node_modules/lightningcss-freebsd-x64
350 silly reify mark deleted [
350 silly reify   '/Users/scott/repos/guitar/apps/web/node_modules/lightningcss-freebsd-x64'
350 silly reify ]
351 verbose reify failed optional dependency /Users/scott/repos/guitar/apps/web/node_modules/lightningcss-darwin-x64
352 silly reify mark deleted [
352 silly reify   '/Users/scott/repos/guitar/apps/web/node_modules/lightningcss-darwin-x64'
352 silly reify ]
353 verbose reify failed optional dependency /Users/scott/repos/guitar/apps/web/node_modules/lightningcss-android-arm64
354 silly reify mark deleted [
354 silly reify   '/Users/scott/repos/guitar/apps/web/node_modules/lightningcss-android-arm64'
354 silly reify ]
355 verbose reify failed optional dependency /Users/scott/repos/guitar/apps/web/node_modules/@unrs/resolver-binding-win32-x64-msvc
356 silly reify mark deleted [
356 silly reify   '/Users/scott/repos/guitar/apps/web/node_modules/@unrs/resolver-binding-win32-x64-msvc'
356 silly reify ]
357 verbose reify failed optional dependency /Users/scott/repos/guitar/apps/web/node_modules/@unrs/resolver-binding-win32-ia32-msvc
358 silly reify mark deleted [
358 silly reify   '/Users/scott/repos/guitar/apps/web/node_modules/@unrs/resolver-binding-win32-ia32-msvc'
358 silly reify ]
359 verbose reify failed optional dependency /Users/scott/repos/guitar/apps/web/node_modules/@unrs/resolver-binding-win32-arm64-msvc
360 silly reify mark deleted [
360 silly reify   '/Users/scott/repos/guitar/apps/web/node_modules/@unrs/resolver-binding-win32-arm64-msvc'
360 silly reify ]
361 verbose reify failed optional dependency /Users/scott/repos/guitar/apps/web/node_modules/@unrs/resolver-binding-wasm32-wasi
362 silly reify mark deleted [
362 silly reify   '/Users/scott/repos/guitar/apps/web/node_modules/@unrs/resolver-binding-wasm32-wasi'
362 silly reify ]
363 verbose reify failed optional dependency /Users/scott/repos/guitar/apps/web/node_modules/@unrs/resolver-binding-linux-x64-musl
364 silly reify mark deleted [
364 silly reify   '/Users/scott/repos/guitar/apps/web/node_modules/@unrs/resolver-binding-linux-x64-musl'
364 silly reify ]
365 verbose reify failed optional dependency /Users/scott/repos/guitar/apps/web/node_modules/@unrs/resolver-binding-linux-x64-gnu
366 silly reify mark deleted [
366 silly reify   '/Users/scott/repos/guitar/apps/web/node_modules/@unrs/resolver-binding-linux-x64-gnu'
366 silly reify ]
367 verbose reify failed optional dependency /Users/scott/repos/guitar/apps/web/node_modules/@unrs/resolver-binding-linux-s390x-gnu
368 silly reify mark deleted [
368 silly reify   '/Users/scott/repos/guitar/apps/web/node_modules/@unrs/resolver-binding-linux-s390x-gnu'
368 silly reify ]
369 verbose reify failed optional dependency /Users/scott/repos/guitar/apps/web/node_modules/@unrs/resolver-binding-linux-riscv64-musl
370 silly reify mark deleted [
370 silly reify   '/Users/scott/repos/guitar/apps/web/node_modules/@unrs/resolver-binding-linux-riscv64-musl'
370 silly reify ]
371 verbose reify failed optional dependency /Users/scott/repos/guitar/apps/web/node_modules/@unrs/resolver-binding-linux-riscv64-gnu
372 silly reify mark deleted [
372 silly reify   '/Users/scott/repos/guitar/apps/web/node_modules/@unrs/resolver-binding-linux-riscv64-gnu'
372 silly reify ]
373 verbose reify failed optional dependency /Users/scott/repos/guitar/apps/web/node_modules/@unrs/resolver-binding-linux-ppc64-gnu
374 silly reify mark deleted [
374 silly reify   '/Users/scott/repos/guitar/apps/web/node_modules/@unrs/resolver-binding-linux-ppc64-gnu'
374 silly reify ]
375 verbose reify failed optional dependency /Users/scott/repos/guitar/apps/web/node_modules/@unrs/resolver-binding-linux-arm64-musl
376 silly reify mark deleted [
376 silly reify   '/Users/scott/repos/guitar/apps/web/node_modules/@unrs/resolver-binding-linux-arm64-musl'
376 silly reify ]
377 verbose reify failed optional dependency /Users/scott/repos/guitar/apps/web/node_modules/@unrs/resolver-binding-linux-arm64-gnu
378 silly reify mark deleted [
378 silly reify   '/Users/scott/repos/guitar/apps/web/node_modules/@unrs/resolver-binding-linux-arm64-gnu'
378 silly reify ]
379 verbose reify failed optional dependency /Users/scott/repos/guitar/apps/web/node_modules/@unrs/resolver-binding-linux-arm-musleabihf
380 silly reify mark deleted [
380 silly reify   '/Users/scott/repos/guitar/apps/web/node_modules/@unrs/resolver-binding-linux-arm-musleabihf'
380 silly reify ]
381 verbose reify failed optional dependency /Users/scott/repos/guitar/apps/web/node_modules/@unrs/resolver-binding-linux-arm-gnueabihf
382 silly reify mark deleted [
382 silly reify   '/Users/scott/repos/guitar/apps/web/node_modules/@unrs/resolver-binding-linux-arm-gnueabihf'
382 silly reify ]
383 verbose reify failed optional dependency /Users/scott/repos/guitar/apps/web/node_modules/@unrs/resolver-binding-freebsd-x64
384 silly reify mark deleted [
384 silly reify   '/Users/scott/repos/guitar/apps/web/node_modules/@unrs/resolver-binding-freebsd-x64'
384 silly reify ]
385 verbose reify failed optional dependency /Users/scott/repos/guitar/apps/web/node_modules/@unrs/resolver-binding-darwin-x64
386 silly reify mark deleted [
386 silly reify   '/Users/scott/repos/guitar/apps/web/node_modules/@unrs/resolver-binding-darwin-x64'
386 silly reify ]
387 verbose reify failed optional dependency /Users/scott/repos/guitar/apps/web/node_modules/@unrs/resolver-binding-android-arm64
388 silly reify mark deleted [
388 silly reify   '/Users/scott/repos/guitar/apps/web/node_modules/@unrs/resolver-binding-android-arm64'
388 silly reify ]
389 verbose reify failed optional dependency /Users/scott/repos/guitar/apps/web/node_modules/@unrs/resolver-binding-android-arm-eabi
390 silly reify mark deleted [
390 silly reify   '/Users/scott/repos/guitar/apps/web/node_modules/@unrs/resolver-binding-android-arm-eabi'
390 silly reify ]
391 verbose reify failed optional dependency /Users/scott/repos/guitar/apps/web/node_modules/@tailwindcss/oxide-win32-x64-msvc
392 silly reify mark deleted [
392 silly reify   '/Users/scott/repos/guitar/apps/web/node_modules/@tailwindcss/oxide-win32-x64-msvc'
392 silly reify ]
393 verbose reify failed optional dependency /Users/scott/repos/guitar/apps/web/node_modules/@tailwindcss/oxide-win32-arm64-msvc
394 silly reify mark deleted [
394 silly reify   '/Users/scott/repos/guitar/apps/web/node_modules/@tailwindcss/oxide-win32-arm64-msvc'
394 silly reify ]
395 verbose reify failed optional dependency /Users/scott/repos/guitar/apps/web/node_modules/@tailwindcss/oxide-linux-x64-musl
396 silly reify mark deleted [
396 silly reify   '/Users/scott/repos/guitar/apps/web/node_modules/@tailwindcss/oxide-linux-x64-musl'
396 silly reify ]
397 verbose reify failed optional dependency /Users/scott/repos/guitar/apps/web/node_modules/@tailwindcss/oxide-linux-x64-gnu
398 silly reify mark deleted [
398 silly reify   '/Users/scott/repos/guitar/apps/web/node_modules/@tailwindcss/oxide-linux-x64-gnu'
398 silly reify ]
399 verbose reify failed optional dependency /Users/scott/repos/guitar/apps/web/node_modules/@tailwindcss/oxide-linux-arm64-musl
400 silly reify mark deleted [
400 silly reify   '/Users/scott/repos/guitar/apps/web/node_modules/@tailwindcss/oxide-linux-arm64-musl'
400 silly reify ]
401 verbose reify failed optional dependency /Users/scott/repos/guitar/apps/web/node_modules/@tailwindcss/oxide-linux-arm64-gnu
402 silly reify mark deleted [
402 silly reify   '/Users/scott/repos/guitar/apps/web/node_modules/@tailwindcss/oxide-linux-arm64-gnu'
402 silly reify ]
403 verbose reify failed optional dependency /Users/scott/repos/guitar/apps/web/node_modules/@tailwindcss/oxide-linux-arm-gnueabihf
404 silly reify mark deleted [
404 silly reify   '/Users/scott/repos/guitar/apps/web/node_modules/@tailwindcss/oxide-linux-arm-gnueabihf'
404 silly reify ]
405 verbose reify failed optional dependency /Users/scott/repos/guitar/apps/web/node_modules/@tailwindcss/oxide-freebsd-x64
406 silly reify mark deleted [
406 silly reify   '/Users/scott/repos/guitar/apps/web/node_modules/@tailwindcss/oxide-freebsd-x64'
406 silly reify ]
407 verbose reify failed optional dependency /Users/scott/repos/guitar/apps/web/node_modules/@tailwindcss/oxide-darwin-x64
408 silly reify mark deleted [
408 silly reify   '/Users/scott/repos/guitar/apps/web/node_modules/@tailwindcss/oxide-darwin-x64'
408 silly reify ]
409 verbose reify failed optional dependency /Users/scott/repos/guitar/apps/web/node_modules/@tailwindcss/oxide-android-arm64
410 silly reify mark deleted [
410 silly reify   '/Users/scott/repos/guitar/apps/web/node_modules/@tailwindcss/oxide-android-arm64'
410 silly reify ]
411 verbose reify failed optional dependency /Users/scott/repos/guitar/apps/web/node_modules/@next/swc-win32-x64-msvc
412 silly reify mark deleted [
412 silly reify   '/Users/scott/repos/guitar/apps/web/node_modules/@next/swc-win32-x64-msvc'
412 silly reify ]
413 verbose reify failed optional dependency /Users/scott/repos/guitar/apps/web/node_modules/@next/swc-win32-arm64-msvc
414 silly reify mark deleted [
414 silly reify   '/Users/scott/repos/guitar/apps/web/node_modules/@next/swc-win32-arm64-msvc'
414 silly reify ]
415 verbose reify failed optional dependency /Users/scott/repos/guitar/apps/web/node_modules/@next/swc-linux-x64-musl
416 silly reify mark deleted [
416 silly reify   '/Users/scott/repos/guitar/apps/web/node_modules/@next/swc-linux-x64-musl'
416 silly reify ]
417 verbose reify failed optional dependency /Users/scott/repos/guitar/apps/web/node_modules/@next/swc-linux-x64-gnu
418 silly reify mark deleted [
418 silly reify   '/Users/scott/repos/guitar/apps/web/node_modules/@next/swc-linux-x64-gnu'
418 silly reify ]
419 verbose reify failed optional dependency /Users/scott/repos/guitar/apps/web/node_modules/@next/swc-linux-arm64-musl
420 silly reify mark deleted [
420 silly reify   '/Users/scott/repos/guitar/apps/web/node_modules/@next/swc-linux-arm64-musl'
420 silly reify ]
421 verbose reify failed optional dependency /Users/scott/repos/guitar/apps/web/node_modules/@next/swc-linux-arm64-gnu
422 silly reify mark deleted [
422 silly reify   '/Users/scott/repos/guitar/apps/web/node_modules/@next/swc-linux-arm64-gnu'
422 silly reify ]
423 verbose reify failed optional dependency /Users/scott/repos/guitar/apps/web/node_modules/@next/swc-darwin-x64
424 silly reify mark deleted [
424 silly reify   '/Users/scott/repos/guitar/apps/web/node_modules/@next/swc-darwin-x64'
424 silly reify ]
425 verbose reify failed optional dependency /Users/scott/repos/guitar/apps/web/node_modules/@img/sharp-win32-x64
426 silly reify mark deleted [
426 silly reify   '/Users/scott/repos/guitar/apps/web/node_modules/@img/sharp-win32-x64'
426 silly reify ]
427 verbose reify failed optional dependency /Users/scott/repos/guitar/apps/web/node_modules/@img/sharp-win32-ia32
428 silly reify mark deleted [
428 silly reify   '/Users/scott/repos/guitar/apps/web/node_modules/@img/sharp-win32-ia32'
428 silly reify ]
429 verbose reify failed optional dependency /Users/scott/repos/guitar/apps/web/node_modules/@img/sharp-win32-arm64
430 silly reify mark deleted [
430 silly reify   '/Users/scott/repos/guitar/apps/web/node_modules/@img/sharp-win32-arm64'
430 silly reify ]
431 verbose reify failed optional dependency /Users/scott/repos/guitar/apps/web/node_modules/@img/sharp-wasm32
432 silly reify mark deleted [ '/Users/scott/repos/guitar/apps/web/node_modules/@img/sharp-wasm32' ]
433 verbose reify failed optional dependency /Users/scott/repos/guitar/apps/web/node_modules/@img/sharp-linuxmusl-x64
434 silly reify mark deleted [
434 silly reify   '/Users/scott/repos/guitar/apps/web/node_modules/@img/sharp-linuxmusl-x64'
434 silly reify ]
435 verbose reify failed optional dependency /Users/scott/repos/guitar/apps/web/node_modules/@img/sharp-linuxmusl-arm64
436 silly reify mark deleted [
436 silly reify   '/Users/scott/repos/guitar/apps/web/node_modules/@img/sharp-linuxmusl-arm64'
436 silly reify ]
437 verbose reify failed optional dependency /Users/scott/repos/guitar/apps/web/node_modules/@img/sharp-linux-x64
438 silly reify mark deleted [
438 silly reify   '/Users/scott/repos/guitar/apps/web/node_modules/@img/sharp-linux-x64'
438 silly reify ]
439 verbose reify failed optional dependency /Users/scott/repos/guitar/apps/web/node_modules/@img/sharp-linux-s390x
440 silly reify mark deleted [
440 silly reify   '/Users/scott/repos/guitar/apps/web/node_modules/@img/sharp-linux-s390x'
440 silly reify ]
441 verbose reify failed optional dependency /Users/scott/repos/guitar/apps/web/node_modules/@img/sharp-linux-riscv64
442 silly reify mark deleted [
442 silly reify   '/Users/scott/repos/guitar/apps/web/node_modules/@img/sharp-linux-riscv64'
442 silly reify ]
443 verbose reify failed optional dependency /Users/scott/repos/guitar/apps/web/node_modules/@img/sharp-linux-ppc64
444 silly reify mark deleted [
444 silly reify   '/Users/scott/repos/guitar/apps/web/node_modules/@img/sharp-linux-ppc64'
444 silly reify ]
445 verbose reify failed optional dependency /Users/scott/repos/guitar/apps/web/node_modules/@img/sharp-linux-arm64
446 silly reify mark deleted [
446 silly reify   '/Users/scott/repos/guitar/apps/web/node_modules/@img/sharp-linux-arm64'
446 silly reify ]
447 verbose reify failed optional dependency /Users/scott/repos/guitar/apps/web/node_modules/@img/sharp-linux-arm
448 silly reify mark deleted [
448 silly reify   '/Users/scott/repos/guitar/apps/web/node_modules/@img/sharp-linux-arm'
448 silly reify ]
449 verbose reify failed optional dependency /Users/scott/repos/guitar/apps/web/node_modules/@img/sharp-libvips-linuxmusl-x64
450 silly reify mark deleted [
450 silly reify   '/Users/scott/repos/guitar/apps/web/node_modules/@img/sharp-libvips-linuxmusl-x64'
450 silly reify ]
451 verbose reify failed optional dependency /Users/scott/repos/guitar/apps/web/node_modules/@img/sharp-libvips-linuxmusl-arm64
452 silly reify mark deleted [
452 silly reify   '/Users/scott/repos/guitar/apps/web/node_modules/@img/sharp-libvips-linuxmusl-arm64'
452 silly reify ]
453 verbose reify failed optional dependency /Users/scott/repos/guitar/apps/web/node_modules/@img/sharp-libvips-linux-x64
454 silly reify mark deleted [
454 silly reify   '/Users/scott/repos/guitar/apps/web/node_modules/@img/sharp-libvips-linux-x64'
454 silly reify ]
455 verbose reify failed optional dependency /Users/scott/repos/guitar/apps/web/node_modules/@img/sharp-libvips-linux-s390x
456 silly reify mark deleted [
456 silly reify   '/Users/scott/repos/guitar/apps/web/node_modules/@img/sharp-libvips-linux-s390x'
456 silly reify ]
457 verbose reify failed optional dependency /Users/scott/repos/guitar/apps/web/node_modules/@img/sharp-libvips-linux-riscv64
458 silly reify mark deleted [
458 silly reify   '/Users/scott/repos/guitar/apps/web/node_modules/@img/sharp-libvips-linux-riscv64'
458 silly reify ]
459 verbose reify failed optional dependency /Users/scott/repos/guitar/apps/web/node_modules/@img/sharp-libvips-linux-ppc64
460 silly reify mark deleted [
460 silly reify   '/Users/scott/repos/guitar/apps/web/node_modules/@img/sharp-libvips-linux-ppc64'
460 silly reify ]
461 verbose reify failed optional dependency /Users/scott/repos/guitar/apps/web/node_modules/@img/sharp-libvips-linux-arm64
462 silly reify mark deleted [
462 silly reify   '/Users/scott/repos/guitar/apps/web/node_modules/@img/sharp-libvips-linux-arm64'
462 silly reify ]
463 verbose reify failed optional dependency /Users/scott/repos/guitar/apps/web/node_modules/@img/sharp-libvips-linux-arm
464 silly reify mark deleted [
464 silly reify   '/Users/scott/repos/guitar/apps/web/node_modules/@img/sharp-libvips-linux-arm'
464 silly reify ]
465 verbose reify failed optional dependency /Users/scott/repos/guitar/apps/web/node_modules/@img/sharp-libvips-darwin-x64
466 silly reify mark deleted [
466 silly reify   '/Users/scott/repos/guitar/apps/web/node_modules/@img/sharp-libvips-darwin-x64'
466 silly reify ]
467 verbose reify failed optional dependency /Users/scott/repos/guitar/apps/web/node_modules/@img/sharp-darwin-x64
468 silly reify mark deleted [
468 silly reify   '/Users/scott/repos/guitar/apps/web/node_modules/@img/sharp-darwin-x64'
468 silly reify ]
469 http cache tldts-core@https://registry.npmjs.org/tldts-core/-/tldts-core-7.0.19.tgz 0ms (cache hit)
470 http cache tr46@https://registry.npmjs.org/tr46/-/tr46-6.0.0.tgz 0ms (cache hit)
471 http cache safer-buffer@https://registry.npmjs.org/safer-buffer/-/safer-buffer-2.1.2.tgz 0ms (cache hit)
472 http cache xmlchars@https://registry.npmjs.org/xmlchars/-/xmlchars-2.2.0.tgz 0ms (cache hit)
473 http cache tldts@https://registry.npmjs.org/tldts/-/tldts-7.0.19.tgz 0ms (cache hit)
474 http cache pdfjs-dist@https://registry.npmjs.org/pdfjs-dist/-/pdfjs-dist-5.4.296.tgz 0ms (cache hit)
475 http cache @napi-rs/canvas@https://registry.npmjs.org/@napi-rs/canvas/-/canvas-0.1.80.tgz 0ms (cache hit)
476 http cache @napi-rs/canvas-darwin-arm64@https://registry.npmjs.org/@napi-rs/canvas-darwin-arm64/-/canvas-darwin-arm64-0.1.80.tgz 0ms (cache hit)
477 http cache iconv-lite@https://registry.npmjs.org/iconv-lite/-/iconv-lite-0.6.3.tgz 0ms (cache hit)
478 http cache entities@https://registry.npmjs.org/entities/-/entities-6.0.1.tgz 0ms (cache hit)
479 http cache @csstools/color-helpers@https://registry.npmjs.org/@csstools/color-helpers/-/color-helpers-5.1.0.tgz 0ms (cache hit)
480 http cache @csstools/css-tokenizer@https://registry.npmjs.org/@csstools/css-tokenizer/-/css-tokenizer-3.0.4.tgz 0ms (cache hit)
481 http cache @csstools/css-parser-algorithms@https://registry.npmjs.org/@csstools/css-parser-algorithms/-/css-parser-algorithms-3.0.5.tgz 0ms (cache hit)
482 http cache agent-base@https://registry.npmjs.org/agent-base/-/agent-base-7.1.4.tgz 0ms (cache hit)
483 http cache @csstools/css-calc@https://registry.npmjs.org/@csstools/css-calc/-/css-calc-2.1.4.tgz 0ms (cache hit)
484 http cache @csstools/css-color-parser@https://registry.npmjs.org/@csstools/css-color-parser/-/css-color-parser-3.1.0.tgz 0ms (cache hit)
485 http cache @csstools/css-syntax-patches-for-csstree@https://registry.npmjs.org/@csstools/css-syntax-patches-for-csstree/-/css-syntax-patches-for-csstree-1.0.22.tgz 0ms (cache hit)
486 http cache @asamuzakjp/css-color@https://registry.npmjs.org/@asamuzakjp/css-color/-/css-color-4.1.1.tgz 0ms (cache hit)
487 http cache require-from-string@https://registry.npmjs.org/require-from-string/-/require-from-string-2.0.2.tgz 0ms (cache hit)
488 http cache bidi-js@https://registry.npmjs.org/bidi-js/-/bidi-js-1.0.3.tgz 0ms (cache hit)
489 http cache css-tree@https://registry.npmjs.org/css-tree/-/css-tree-3.1.0.tgz 0ms (cache hit)
490 http cache xml-name-validator@https://registry.npmjs.org/xml-name-validator/-/xml-name-validator-5.0.0.tgz 0ms (cache hit)
491 http cache mdn-data@https://registry.npmjs.org/mdn-data/-/mdn-data-2.12.2.tgz 0ms (cache hit)
492 http cache whatwg-encoding@https://registry.npmjs.org/whatwg-encoding/-/whatwg-encoding-3.1.1.tgz 0ms (cache hit)
493 http cache webidl-conversions@https://registry.npmjs.org/webidl-conversions/-/webidl-conversions-8.0.0.tgz 0ms (cache hit)
494 http cache @asamuzakjp/nwsapi@https://registry.npmjs.org/@asamuzakjp/nwsapi/-/nwsapi-2.3.9.tgz 0ms (cache hit)
495 http cache whatwg-mimetype@https://registry.npmjs.org/whatwg-mimetype/-/whatwg-mimetype-4.0.0.tgz 0ms (cache hit)
496 http cache tough-cookie@https://registry.npmjs.org/tough-cookie/-/tough-cookie-6.0.0.tgz 0ms (cache hit)
497 http cache symbol-tree@https://registry.npmjs.org/symbol-tree/-/symbol-tree-3.2.4.tgz 0ms (cache hit)
498 http cache saxes@https://registry.npmjs.org/saxes/-/saxes-6.0.0.tgz 0ms (cache hit)
499 http cache parse5@https://registry.npmjs.org/parse5/-/parse5-8.0.0.tgz 0ms (cache hit)
500 http cache whatwg-url@https://registry.npmjs.org/whatwg-url/-/whatwg-url-15.1.0.tgz 0ms (cache hit)
501 http cache https-proxy-agent@https://registry.npmjs.org/https-proxy-agent/-/https-proxy-agent-7.0.6.tgz 0ms (cache hit)
502 http cache is-potential-custom-element-name@https://registry.npmjs.org/is-potential-custom-element-name/-/is-potential-custom-element-name-1.0.1.tgz 0ms (cache hit)
503 http cache w3c-xmlserializer@https://registry.npmjs.org/w3c-xmlserializer/-/w3c-xmlserializer-5.0.0.tgz 0ms (cache hit)
504 http cache html-encoding-sniffer@https://registry.npmjs.org/html-encoding-sniffer/-/html-encoding-sniffer-4.0.0.tgz 0ms (cache hit)
505 http cache decimal.js@https://registry.npmjs.org/decimal.js/-/decimal.js-10.6.0.tgz 0ms (cache hit)
506 http cache http-proxy-agent@https://registry.npmjs.org/http-proxy-agent/-/http-proxy-agent-7.0.2.tgz 0ms (cache hit)
507 http cache data-urls@https://registry.npmjs.org/data-urls/-/data-urls-6.0.0.tgz 0ms (cache hit)
508 http cache cssstyle@https://registry.npmjs.org/cssstyle/-/cssstyle-5.3.6.tgz 0ms (cache hit)
509 http cache @asamuzakjp/dom-selector@https://registry.npmjs.org/@asamuzakjp/dom-selector/-/dom-selector-6.7.6.tgz 0ms (cache hit)
510 http cache pdf-parse@https://registry.npmjs.org/pdf-parse/-/pdf-parse-2.4.5.tgz 0ms (cache hit)
511 http cache jsdom@https://registry.npmjs.org/jsdom/-/jsdom-27.0.1.tgz 0ms (cache hit)
512 http cache @mozilla/readability@https://registry.npmjs.org/@mozilla/readability/-/readability-0.6.0.tgz 0ms (cache hit)
513 http cache lru-cache@https://registry.npmjs.org/lru-cache/-/lru-cache-11.2.4.tgz 0ms (cache hit)
514 http cache lru-cache@https://registry.npmjs.org/lru-cache/-/lru-cache-11.2.4.tgz 0ms (cache hit)
515 http cache lru-cache@https://registry.npmjs.org/lru-cache/-/lru-cache-11.2.4.tgz 0ms (cache hit)
516 http cache rrweb-cssom@https://registry.npmjs.org/rrweb-cssom/-/rrweb-cssom-0.8.0.tgz 0ms (cache hit)
517 silly tarball no local data for tldts-core@https://registry.npmjs.org/tldts-core/-/tldts-core-7.0.19.tgz. Extracting by manifest.
518 silly tarball no local data for tr46@https://registry.npmjs.org/tr46/-/tr46-6.0.0.tgz. Extracting by manifest.
519 silly tarball no local data for safer-buffer@https://registry.npmjs.org/safer-buffer/-/safer-buffer-2.1.2.tgz. Extracting by manifest.
520 silly tarball no local data for xmlchars@https://registry.npmjs.org/xmlchars/-/xmlchars-2.2.0.tgz. Extracting by manifest.
521 silly tarball no local data for tldts@https://registry.npmjs.org/tldts/-/tldts-7.0.19.tgz. Extracting by manifest.
522 silly tarball no local data for pdfjs-dist@https://registry.npmjs.org/pdfjs-dist/-/pdfjs-dist-5.4.296.tgz. Extracting by manifest.
523 silly tarball no local data for @napi-rs/canvas@https://registry.npmjs.org/@napi-rs/canvas/-/canvas-0.1.80.tgz. Extracting by manifest.
524 silly tarball no local data for @napi-rs/canvas-darwin-arm64@https://registry.npmjs.org/@napi-rs/canvas-darwin-arm64/-/canvas-darwin-arm64-0.1.80.tgz. Extracting by manifest.
525 silly tarball no local data for iconv-lite@https://registry.npmjs.org/iconv-lite/-/iconv-lite-0.6.3.tgz. Extracting by manifest.
526 silly tarball no local data for entities@https://registry.npmjs.org/entities/-/entities-6.0.1.tgz. Extracting by manifest.
527 silly tarball no local data for @csstools/color-helpers@https://registry.npmjs.org/@csstools/color-helpers/-/color-helpers-5.1.0.tgz. Extracting by manifest.
528 silly tarball no local data for @csstools/css-tokenizer@https://registry.npmjs.org/@csstools/css-tokenizer/-/css-tokenizer-3.0.4.tgz. Extracting by manifest.
529 silly tarball no local data for @csstools/css-parser-algorithms@https://registry.npmjs.org/@csstools/css-parser-algorithms/-/css-parser-algorithms-3.0.5.tgz. Extracting by manifest.
530 silly tarball no local data for agent-base@https://registry.npmjs.org/agent-base/-/agent-base-7.1.4.tgz. Extracting by manifest.
531 silly tarball no local data for @csstools/css-calc@https://registry.npmjs.org/@csstools/css-calc/-/css-calc-2.1.4.tgz. Extracting by manifest.
532 silly tarball no local data for @csstools/css-color-parser@https://registry.npmjs.org/@csstools/css-color-parser/-/css-color-parser-3.1.0.tgz. Extracting by manifest.
533 silly tarball no local data for @csstools/css-syntax-patches-for-csstree@https://registry.npmjs.org/@csstools/css-syntax-patches-for-csstree/-/css-syntax-patches-for-csstree-1.0.22.tgz. Extracting by manifest.
534 silly tarball no local data for @asamuzakjp/css-color@https://registry.npmjs.org/@asamuzakjp/css-color/-/css-color-4.1.1.tgz. Extracting by manifest.
535 silly tarball no local data for require-from-string@https://registry.npmjs.org/require-from-string/-/require-from-string-2.0.2.tgz. Extracting by manifest.
536 silly tarball no local data for bidi-js@https://registry.npmjs.org/bidi-js/-/bidi-js-1.0.3.tgz. Extracting by manifest.
537 silly tarball no local data for css-tree@https://registry.npmjs.org/css-tree/-/css-tree-3.1.0.tgz. Extracting by manifest.
538 silly tarball no local data for xml-name-validator@https://registry.npmjs.org/xml-name-validator/-/xml-name-validator-5.0.0.tgz. Extracting by manifest.
539 silly tarball no local data for mdn-data@https://registry.npmjs.org/mdn-data/-/mdn-data-2.12.2.tgz. Extracting by manifest.
540 silly tarball no local data for whatwg-encoding@https://registry.npmjs.org/whatwg-encoding/-/whatwg-encoding-3.1.1.tgz. Extracting by manifest.
541 silly tarball no local data for webidl-conversions@https://registry.npmjs.org/webidl-conversions/-/webidl-conversions-8.0.0.tgz. Extracting by manifest.
542 silly tarball no local data for @asamuzakjp/nwsapi@https://registry.npmjs.org/@asamuzakjp/nwsapi/-/nwsapi-2.3.9.tgz. Extracting by manifest.
543 silly tarball no local data for whatwg-mimetype@https://registry.npmjs.org/whatwg-mimetype/-/whatwg-mimetype-4.0.0.tgz. Extracting by manifest.
544 silly tarball no local data for tough-cookie@https://registry.npmjs.org/tough-cookie/-/tough-cookie-6.0.0.tgz. Extracting by manifest.
545 silly tarball no local data for symbol-tree@https://registry.npmjs.org/symbol-tree/-/symbol-tree-3.2.4.tgz. Extracting by manifest.
546 silly tarball no local data for saxes@https://registry.npmjs.org/saxes/-/saxes-6.0.0.tgz. Extracting by manifest.
547 silly tarball no local data for parse5@https://registry.npmjs.org/parse5/-/parse5-8.0.0.tgz. Extracting by manifest.
548 silly tarball no local data for whatwg-url@https://registry.npmjs.org/whatwg-url/-/whatwg-url-15.1.0.tgz. Extracting by manifest.
549 silly tarball no local data for https-proxy-agent@https://registry.npmjs.org/https-proxy-agent/-/https-proxy-agent-7.0.6.tgz. Extracting by manifest.
550 silly tarball no local data for is-potential-custom-element-name@https://registry.npmjs.org/is-potential-custom-element-name/-/is-potential-custom-element-name-1.0.1.tgz. Extracting by manifest.
551 silly tarball no local data for w3c-xmlserializer@https://registry.npmjs.org/w3c-xmlserializer/-/w3c-xmlserializer-5.0.0.tgz. Extracting by manifest.
552 silly tarball no local data for html-encoding-sniffer@https://registry.npmjs.org/html-encoding-sniffer/-/html-encoding-sniffer-4.0.0.tgz. Extracting by manifest.
553 silly tarball no local data for decimal.js@https://registry.npmjs.org/decimal.js/-/decimal.js-10.6.0.tgz. Extracting by manifest.
554 silly tarball no local data for http-proxy-agent@https://registry.npmjs.org/http-proxy-agent/-/http-proxy-agent-7.0.2.tgz. Extracting by manifest.
555 silly tarball no local data for data-urls@https://registry.npmjs.org/data-urls/-/data-urls-6.0.0.tgz. Extracting by manifest.
556 silly tarball no local data for cssstyle@https://registry.npmjs.org/cssstyle/-/cssstyle-5.3.6.tgz. Extracting by manifest.
557 silly tarball no local data for @asamuzakjp/dom-selector@https://registry.npmjs.org/@asamuzakjp/dom-selector/-/dom-selector-6.7.6.tgz. Extracting by manifest.
558 silly tarball no local data for pdf-parse@https://registry.npmjs.org/pdf-parse/-/pdf-parse-2.4.5.tgz. Extracting by manifest.
559 silly tarball no local data for jsdom@https://registry.npmjs.org/jsdom/-/jsdom-27.0.1.tgz. Extracting by manifest.
560 silly tarball no local data for @mozilla/readability@https://registry.npmjs.org/@mozilla/readability/-/readability-0.6.0.tgz. Extracting by manifest.
561 silly tarball no local data for lru-cache@https://registry.npmjs.org/lru-cache/-/lru-cache-11.2.4.tgz. Extracting by manifest.
562 silly tarball no local data for lru-cache@https://registry.npmjs.org/lru-cache/-/lru-cache-11.2.4.tgz. Extracting by manifest.
563 silly tarball no local data for lru-cache@https://registry.npmjs.org/lru-cache/-/lru-cache-11.2.4.tgz. Extracting by manifest.
564 silly tarball no local data for rrweb-cssom@https://registry.npmjs.org/rrweb-cssom/-/rrweb-cssom-0.8.0.tgz. Extracting by manifest.
565 http fetch GET 200 https://registry.npmjs.org/xmlchars/-/xmlchars-2.2.0.tgz 49ms (cache miss)
566 http fetch GET 200 https://registry.npmjs.org/safer-buffer/-/safer-buffer-2.1.2.tgz 50ms (cache miss)
567 http fetch GET 200 https://registry.npmjs.org/tr46/-/tr46-6.0.0.tgz 65ms (cache miss)
568 http fetch GET 200 https://registry.npmjs.org/iconv-lite/-/iconv-lite-0.6.3.tgz 76ms (cache miss)
569 http fetch GET 200 https://registry.npmjs.org/tldts-core/-/tldts-core-7.0.19.tgz 84ms (cache miss)
570 http fetch GET 200 https://registry.npmjs.org/@napi-rs/canvas/-/canvas-0.1.80.tgz 120ms (cache miss)
571 http fetch GET 200 https://registry.npmjs.org/@csstools/css-calc/-/css-calc-2.1.4.tgz 125ms (cache miss)
572 http fetch GET 200 https://registry.npmjs.org/@csstools/css-color-parser/-/css-color-parser-3.1.0.tgz 138ms (cache miss)
573 http fetch POST 200 https://registry.npmjs.org/-/npm/v1/security/advisories/bulk 159ms
574 silly audit report {}
575 http fetch GET 200 https://registry.npmjs.org/entities/-/entities-6.0.1.tgz 159ms (cache miss)
576 http fetch GET 200 https://registry.npmjs.org/require-from-string/-/require-from-string-2.0.2.tgz 166ms (cache miss)
577 http fetch GET 200 https://registry.npmjs.org/agent-base/-/agent-base-7.1.4.tgz 176ms (cache miss)
578 http fetch GET 200 https://registry.npmjs.org/@csstools/color-helpers/-/color-helpers-5.1.0.tgz 176ms (cache miss)
579 http fetch GET 200 https://registry.npmjs.org/@csstools/css-parser-algorithms/-/css-parser-algorithms-3.0.5.tgz 185ms (cache miss)
580 http fetch GET 200 https://registry.npmjs.org/@csstools/css-tokenizer/-/css-tokenizer-3.0.4.tgz 197ms (cache miss)
581 http fetch GET 200 https://registry.npmjs.org/@csstools/css-syntax-patches-for-csstree/-/css-syntax-patches-for-csstree-1.0.22.tgz 212ms (cache miss)
582 http fetch GET 200 https://registry.npmjs.org/tldts/-/tldts-7.0.19.tgz 227ms (cache miss)
583 http fetch GET 200 https://registry.npmjs.org/bidi-js/-/bidi-js-1.0.3.tgz 229ms (cache miss)
584 http fetch GET 200 https://registry.npmjs.org/xml-name-validator/-/xml-name-validator-5.0.0.tgz 244ms (cache miss)
585 http fetch GET 200 https://registry.npmjs.org/webidl-conversions/-/webidl-conversions-8.0.0.tgz 268ms (cache miss)
586 http fetch GET 200 https://registry.npmjs.org/whatwg-encoding/-/whatwg-encoding-3.1.1.tgz 269ms (cache miss)
587 warn deprecated whatwg-encoding@3.1.1: Use @exodus/bytes instead for a more spec-conformant and faster implementation
588 http fetch GET 200 https://registry.npmjs.org/mdn-data/-/mdn-data-2.12.2.tgz 269ms (cache miss)
589 http fetch GET 200 https://registry.npmjs.org/whatwg-mimetype/-/whatwg-mimetype-4.0.0.tgz 289ms (cache miss)
590 http fetch GET 200 https://registry.npmjs.org/@asamuzakjp/css-color/-/css-color-4.1.1.tgz 295ms (cache miss)
591 http fetch GET 200 https://registry.npmjs.org/symbol-tree/-/symbol-tree-3.2.4.tgz 312ms (cache miss)
592 http fetch GET 200 https://registry.npmjs.org/saxes/-/saxes-6.0.0.tgz 320ms (cache miss)
593 http fetch GET 200 https://registry.npmjs.org/@asamuzakjp/nwsapi/-/nwsapi-2.3.9.tgz 321ms (cache miss)
594 http fetch GET 200 https://registry.npmjs.org/css-tree/-/css-tree-3.1.0.tgz 327ms (cache miss)
595 http fetch GET 200 https://registry.npmjs.org/https-proxy-agent/-/https-proxy-agent-7.0.6.tgz 333ms (cache miss)
596 http fetch GET 200 https://registry.npmjs.org/parse5/-/parse5-8.0.0.tgz 337ms (cache miss)
597 http fetch GET 200 https://registry.npmjs.org/is-potential-custom-element-name/-/is-potential-custom-element-name-1.0.1.tgz 351ms (cache miss)
598 http fetch GET 200 https://registry.npmjs.org/w3c-xmlserializer/-/w3c-xmlserializer-5.0.0.tgz 352ms (cache miss)
599 http fetch GET 200 https://registry.npmjs.org/html-encoding-sniffer/-/html-encoding-sniffer-4.0.0.tgz 352ms (cache miss)
600 http fetch GET 200 https://registry.npmjs.org/tough-cookie/-/tough-cookie-6.0.0.tgz 352ms (cache miss)
601 http fetch GET 200 https://registry.npmjs.org/whatwg-url/-/whatwg-url-15.1.0.tgz 366ms (cache miss)
602 http fetch GET 200 https://registry.npmjs.org/decimal.js/-/decimal.js-10.6.0.tgz 375ms (cache miss)
603 http fetch GET 200 https://registry.npmjs.org/data-urls/-/data-urls-6.0.0.tgz 389ms (cache miss)
604 http fetch GET 200 https://registry.npmjs.org/http-proxy-agent/-/http-proxy-agent-7.0.2.tgz 392ms (cache miss)
605 http fetch GET 200 https://registry.npmjs.org/cssstyle/-/cssstyle-5.3.6.tgz 419ms (cache miss)
606 http fetch GET 200 https://registry.npmjs.org/@asamuzakjp/dom-selector/-/dom-selector-6.7.6.tgz 422ms (cache miss)
607 http fetch GET 200 https://registry.npmjs.org/lru-cache/-/lru-cache-11.2.4.tgz 452ms (cache miss)
608 http fetch GET 200 https://registry.npmjs.org/@mozilla/readability/-/readability-0.6.0.tgz 455ms (cache miss)
609 http fetch GET 200 https://registry.npmjs.org/rrweb-cssom/-/rrweb-cssom-0.8.0.tgz 455ms (cache miss)
610 http fetch GET 200 https://registry.npmjs.org/lru-cache/-/lru-cache-11.2.4.tgz 468ms (cache miss)
611 http fetch GET 200 https://registry.npmjs.org/lru-cache/-/lru-cache-11.2.4.tgz 469ms (cache miss)
612 http fetch GET 200 https://registry.npmjs.org/jsdom/-/jsdom-27.0.1.tgz 484ms (cache miss)
613 http fetch GET 200 https://registry.npmjs.org/pdf-parse/-/pdf-parse-2.4.5.tgz 980ms (cache miss)
614 http fetch GET 200 https://registry.npmjs.org/@napi-rs/canvas-darwin-arm64/-/canvas-darwin-arm64-0.1.80.tgz 1142ms (cache miss)
615 http fetch GET 200 https://registry.npmjs.org/pdfjs-dist/-/pdfjs-dist-5.4.296.tgz 1500ms (cache miss)
616 silly ADD node_modules/tr46
617 silly ADD node_modules/safer-buffer
618 silly ADD node_modules/iconv-lite
619 silly ADD node_modules/tldts-core
620 silly ADD node_modules/tldts
621 silly ADD node_modules/xmlchars
622 silly ADD
623 silly ADD
624 silly ADD
625 silly ADD
626 silly ADD
627 silly ADD
628 silly ADD
629 silly ADD
630 silly ADD node_modules/@napi-rs/canvas-darwin-arm64
631 silly ADD
632 silly ADD node_modules/pdfjs-dist
633 silly ADD node_modules/@napi-rs/canvas
634 silly ADD node_modules/entities
635 silly ADD node_modules/agent-base
636 silly ADD node_modules/@csstools/color-helpers
637 silly ADD node_modules/@csstools/css-color-parser
638 silly ADD node_modules/@csstools/css-tokenizer
639 silly ADD node_modules/@csstools/css-parser-algorithms
640 silly ADD node_modules/@csstools/css-calc
641 silly ADD node_modules/@csstools/css-syntax-patches-for-csstree
642 silly ADD node_modules/@asamuzakjp/css-color
643 silly ADD node_modules/@asamuzakjp/css-color/node_modules/lru-cache
644 silly ADD node_modules/mdn-data
645 silly ADD node_modules/require-from-string
646 silly ADD node_modules/css-tree
647 silly ADD node_modules/bidi-js
648 silly ADD node_modules/@asamuzakjp/nwsapi
649 silly ADD node_modules/xml-name-validator
650 silly ADD node_modules/whatwg-url
651 silly ADD node_modules/whatwg-mimetype
652 silly ADD node_modules/whatwg-encoding
653 silly ADD node_modules/webidl-conversions
654 silly ADD node_modules/w3c-xmlserializer
655 silly ADD node_modules/tough-cookie
656 silly ADD node_modules/symbol-tree
657 silly ADD node_modules/saxes
658 silly ADD node_modules/rrweb-cssom
659 silly ADD node_modules/parse5
660 silly ADD node_modules/is-potential-custom-element-name
661 silly ADD node_modules/https-proxy-agent
662 silly ADD node_modules/http-proxy-agent
663 silly ADD node_modules/html-encoding-sniffer
664 silly ADD node_modules/decimal.js
665 silly ADD node_modules/data-urls
666 silly ADD node_modules/cssstyle
667 silly ADD node_modules/cssstyle/node_modules/lru-cache
668 silly ADD node_modules/@asamuzakjp/dom-selector
669 silly ADD node_modules/@asamuzakjp/dom-selector/node_modules/lru-cache
670 silly ADD node_modules/pdf-parse
671 silly ADD node_modules/jsdom
672 silly ADD node_modules/@mozilla/readability
673 silly ADD
674 silly ADD
675 silly ADD
676 silly ADD
677 silly ADD
678 silly ADD
679 silly ADD
680 silly ADD
681 silly ADD
682 silly ADD
683 silly ADD
684 silly ADD
685 silly ADD
686 silly ADD
687 silly ADD
688 silly ADD
689 silly ADD
690 silly ADD
691 silly ADD
692 silly ADD
693 silly ADD
694 silly ADD
695 silly ADD
696 silly ADD
697 silly ADD
698 silly ADD
699 silly ADD
700 silly ADD
701 silly ADD
702 silly ADD
703 silly ADD
704 silly ADD
705 silly ADD
706 silly ADD
707 silly ADD
708 silly ADD
709 silly ADD
710 silly ADD
711 silly ADD
712 silly ADD
713 silly ADD
714 silly ADD
715 silly ADD
716 silly ADD
717 silly ADD
718 silly ADD
719 silly ADD
720 silly ADD
721 silly ADD
722 silly ADD
723 silly ADD
724 silly ADD
725 silly ADD
726 silly ADD
727 silly ADD
728 silly ADD
729 silly ADD
730 silly ADD
731 silly ADD
732 silly ADD
733 silly ADD
734 silly ADD
735 silly ADD
736 silly ADD
737 silly ADD
738 silly ADD
739 silly ADD
740 silly ADD
741 verbose cwd /Users/scott/repos/guitar/apps/web
742 verbose os Darwin 25.2.0
743 verbose node v23.5.0
744 verbose npm  v10.9.2
745 verbose exit 0
746 info ok
